Archive member included to satisfy reference by file (symbol)

e:/st/stm32cubeide_1.7.0/stm32cubeide/plugins/com.st.stm32cube.ide.mcu.externaltools.gnu-tools-for-stm32.9-2020-q2-update.win32_2.0.0.202105311346/tools/bin/../lib/gcc/arm-none-eabi/9.3.1/../../../../arm-none-eabi/lib/thumb/v7-m/nofp\libc_nano.a(lib_a-calloc.o)
                              ./Drivers/LoRa_Drivers/Aloha_Protocol/Layer1.o (calloc)
e:/st/stm32cubeide_1.7.0/stm32cubeide/plugins/com.st.stm32cube.ide.mcu.externaltools.gnu-tools-for-stm32.9-2020-q2-update.win32_2.0.0.202105311346/tools/bin/../lib/gcc/arm-none-eabi/9.3.1/../../../../arm-none-eabi/lib/thumb/v7-m/nofp\libc_nano.a(lib_a-ctype_.o)
                              ./Drivers/LoRa_Drivers/stm32/app_debug/app_debug.o (_ctype_)
e:/st/stm32cubeide_1.7.0/stm32cubeide/plugins/com.st.stm32cube.ide.mcu.externaltools.gnu-tools-for-stm32.9-2020-q2-update.win32_2.0.0.202105311346/tools/bin/../lib/gcc/arm-none-eabi/9.3.1/../../../../arm-none-eabi/lib/thumb/v7-m/nofp\libc_nano.a(lib_a-errno.o)
                              ./Core/Src/syscalls.o (__errno)
e:/st/stm32cubeide_1.7.0/stm32cubeide/plugins/com.st.stm32cube.ide.mcu.externaltools.gnu-tools-for-stm32.9-2020-q2-update.win32_2.0.0.202105311346/tools/bin/../lib/gcc/arm-none-eabi/9.3.1/../../../../arm-none-eabi/lib/thumb/v7-m/nofp\libc_nano.a(lib_a-exit.o)
                              e:/st/stm32cubeide_1.7.0/stm32cubeide/plugins/com.st.stm32cube.ide.mcu.externaltools.gnu-tools-for-stm32.9-2020-q2-update.win32_2.0.0.202105311346/tools/bin/../lib/gcc/arm-none-eabi/9.3.1/../../../../arm-none-eabi/lib/thumb/v7-m/nofp/crt0.o (exit)
e:/st/stm32cubeide_1.7.0/stm32cubeide/plugins/com.st.stm32cube.ide.mcu.externaltools.gnu-tools-for-stm32.9-2020-q2-update.win32_2.0.0.202105311346/tools/bin/../lib/gcc/arm-none-eabi/9.3.1/../../../../arm-none-eabi/lib/thumb/v7-m/nofp\libc_nano.a(lib_a-impure.o)
                              e:/st/stm32cubeide_1.7.0/stm32cubeide/plugins/com.st.stm32cube.ide.mcu.externaltools.gnu-tools-for-stm32.9-2020-q2-update.win32_2.0.0.202105311346/tools/bin/../lib/gcc/arm-none-eabi/9.3.1/../../../../arm-none-eabi/lib/thumb/v7-m/nofp\libc_nano.a(lib_a-exit.o) (_global_impure_ptr)
e:/st/stm32cubeide_1.7.0/stm32cubeide/plugins/com.st.stm32cube.ide.mcu.externaltools.gnu-tools-for-stm32.9-2020-q2-update.win32_2.0.0.202105311346/tools/bin/../lib/gcc/arm-none-eabi/9.3.1/../../../../arm-none-eabi/lib/thumb/v7-m/nofp\libc_nano.a(lib_a-init.o)
                              e:/st/stm32cubeide_1.7.0/stm32cubeide/plugins/com.st.stm32cube.ide.mcu.externaltools.gnu-tools-for-stm32.9-2020-q2-update.win32_2.0.0.202105311346/tools/bin/../lib/gcc/arm-none-eabi/9.3.1/../../../../arm-none-eabi/lib/thumb/v7-m/nofp/crt0.o (__libc_init_array)
e:/st/stm32cubeide_1.7.0/stm32cubeide/plugins/com.st.stm32cube.ide.mcu.externaltools.gnu-tools-for-stm32.9-2020-q2-update.win32_2.0.0.202105311346/tools/bin/../lib/gcc/arm-none-eabi/9.3.1/../../../../arm-none-eabi/lib/thumb/v7-m/nofp\libc_nano.a(lib_a-memcpy-stub.o)
                              ./Drivers/LoRa_Drivers/Aloha_Protocol/Layer1.o (memcpy)
e:/st/stm32cubeide_1.7.0/stm32cubeide/plugins/com.st.stm32cube.ide.mcu.externaltools.gnu-tools-for-stm32.9-2020-q2-update.win32_2.0.0.202105311346/tools/bin/../lib/gcc/arm-none-eabi/9.3.1/../../../../arm-none-eabi/lib/thumb/v7-m/nofp\libc_nano.a(lib_a-memset.o)
                              e:/st/stm32cubeide_1.7.0/stm32cubeide/plugins/com.st.stm32cube.ide.mcu.externaltools.gnu-tools-for-stm32.9-2020-q2-update.win32_2.0.0.202105311346/tools/bin/../lib/gcc/arm-none-eabi/9.3.1/../../../../arm-none-eabi/lib/thumb/v7-m/nofp/crt0.o (memset)
e:/st/stm32cubeide_1.7.0/stm32cubeide/plugins/com.st.stm32cube.ide.mcu.externaltools.gnu-tools-for-stm32.9-2020-q2-update.win32_2.0.0.202105311346/tools/bin/../lib/gcc/arm-none-eabi/9.3.1/../../../../arm-none-eabi/lib/thumb/v7-m/nofp\libc_nano.a(lib_a-nano-callocr.o)
                              e:/st/stm32cubeide_1.7.0/stm32cubeide/plugins/com.st.stm32cube.ide.mcu.externaltools.gnu-tools-for-stm32.9-2020-q2-update.win32_2.0.0.202105311346/tools/bin/../lib/gcc/arm-none-eabi/9.3.1/../../../../arm-none-eabi/lib/thumb/v7-m/nofp\libc_nano.a(lib_a-calloc.o) (_calloc_r)
e:/st/stm32cubeide_1.7.0/stm32cubeide/plugins/com.st.stm32cube.ide.mcu.externaltools.gnu-tools-for-stm32.9-2020-q2-update.win32_2.0.0.202105311346/tools/bin/../lib/gcc/arm-none-eabi/9.3.1/../../../../arm-none-eabi/lib/thumb/v7-m/nofp\libc_nano.a(lib_a-nano-mallocr.o)
                              e:/st/stm32cubeide_1.7.0/stm32cubeide/plugins/com.st.stm32cube.ide.mcu.externaltools.gnu-tools-for-stm32.9-2020-q2-update.win32_2.0.0.202105311346/tools/bin/../lib/gcc/arm-none-eabi/9.3.1/../../../../arm-none-eabi/lib/thumb/v7-m/nofp\libc_nano.a(lib_a-nano-callocr.o) (_malloc_r)
[...]
Memory Configuration

Name             Origin             Length             Attributes
RAM              0x0000000020000000 0x0000000000010000 xrw
FLASH            0x0000000008000000 0x0000000000080000 xr
*default*        0x0000000000000000 0xffffffffffffffff

Linker script and memory map

LOAD e:/st/stm32cubeide_1.7.0/stm32cubeide/plugins/com.st.stm32cube.ide.mcu.externaltools.gnu-tools-for-stm32.9-2020-q2-update.win32_2.0.0.202105311346/tools/bin/../lib/gcc/arm-none-eabi/9.3.1/thumb/v7-m/nofp/crti.o
LOAD e:/st/stm32cubeide_1.7.0/stm32cubeide/plugins/com.st.stm32cube.ide.mcu.externaltools.gnu-tools-for-stm32.9-2020-q2-update.win32_2.0.0.202105311346/tools/bin/../lib/gcc/arm-none-eabi/9.3.1/thumb/v7-m/nofp/crtbegin.o
LOAD e:/st/stm32cubeide_1.7.0/stm32cubeide/plugins/com.st.stm32cube.ide.mcu.externaltools.gnu-tools-for-stm32.9-2020-q2-update.win32_2.0.0.202105311346/tools/bin/../lib/gcc/arm-none-eabi/9.3.1/../../../../arm-none-eabi/lib/thumb/v7-m/nofp/crt0.o
LOAD ./Core/App_Test/App_test.o
LOAD ./Core/Src/adc.o
LOAD ./Core/Src/gpio.o
LOAD ./Core/Src/main.o
LOAD ./Core/Src/spi.o
LOAD ./Core/Src/stm32f1xx_hal_msp.o
LOAD ./Core/Src/stm32f1xx_it.o
LOAD ./Core/Src/syscalls.o
LOAD ./Core/Src/sysmem.o
LOAD ./Core/Src/system_stm32f1xx.o
LOAD ./Core/Src/tim.o
LOAD ./Core/Startup/startup_stm32f103vetx.o
LOAD ./Drivers/LoRa_Drivers/Aloha_Protocol/Layer1.o
LOAD ./Drivers/LoRa_Drivers/Devices/SX126X/delay/my_delay.o
LOAD ./Drivers/LoRa_Drivers/Devices/SX126X/src/crc.o
LOAD ./Drivers/LoRa_Drivers/Devices/SX126X/src/radio.o
LOAD ./Drivers/LoRa_Drivers/Devices/SX126X/src/sx126x-board.o
LOAD ./Drivers/LoRa_Drivers/Devices/SX126X/src/sx126x.o
LOAD ./Drivers/LoRa_Drivers/stm32/SEGGER_RTT_V698b/RTT/SEGGER_RTT.o
LOAD ./Drivers/LoRa_Drivers/stm32/SEGGER_RTT_V698b/RTT/SEGGER_RTT_ASM_ARMv7M.o
LOAD ./Drivers/LoRa_Drivers/stm32/SEGGER_RTT_V698b/RTT/SEGGER_RTT_printf.o
LOAD ./Drivers/LoRa_Drivers/stm32/SEGGER_RTT_V698b/Syscalls/SEGGER_RTT_Syscalls_GCC.o
LOAD ./Drivers/LoRa_Drivers/stm32/SEGGER_RTT_V698b/Syscalls/SEGGER_RTT_Syscalls_IAR.o
LOAD ./Drivers/LoRa_Drivers/stm32/SEGGER_RTT_V698b/Syscalls/SEGGER_RTT_Syscalls_KEIL.o
LOAD ./Drivers/LoRa_Drivers/stm32/SEGGER_RTT_V698b/Syscalls/SEGGER_RTT_Syscalls_SES.o
LOAD ./Drivers/LoRa_Drivers/stm32/app_debug/app_debug.o
LOAD ./Drivers/Modules/Button/Button.o
LOAD ./Drivers/Modules/UserUart/User_Uart.o
LOAD ./Drivers/Modules/UserUart/User_Uart_Ipw.o
LOAD ./Drivers/Modules/UserUart/cfg/User_cfg.o
LOAD ./Drivers/Modules/UserUart/ip/usart/User_Ip_Usart.o
LOAD ./Drivers/Modules/UserUart/protocol/Slip/User_Slip.o
LOAD ./Drivers/STM32F1xx_HAL_Driver/Src/stm32f1xx_hal.o
LOAD ./Drivers/STM32F1xx_HAL_Driver/Src/stm32f1xx_hal_adc.o
LOAD ./Drivers/STM32F1xx_HAL_Driver/Src/stm32f1xx_hal_adc_ex.o
LOAD ./Drivers/STM32F1xx_HAL_Driver/Src/stm32f1xx_hal_cortex.o
LOAD ./Drivers/STM32F1xx_HAL_Driver/Src/stm32f1xx_hal_dma.o
LOAD ./Drivers/STM32F1xx_HAL_Driver/Src/stm32f1xx_hal_exti.o
LOAD ./Drivers/STM32F1xx_HAL_Driver/Src/stm32f1xx_hal_flash.o
LOAD ./Drivers/STM32F1xx_HAL_Driver/Src/stm32f1xx_hal_flash_ex.o
LOAD ./Drivers/STM32F1xx_HAL_Driver/Src/stm32f1xx_hal_gpio.o
LOAD ./Drivers/STM32F1xx_HAL_Driver/Src/stm32f1xx_hal_gpio_ex.o
LOAD ./Drivers/STM32F1xx_HAL_Driver/Src/stm32f1xx_hal_pwr.o
LOAD ./Drivers/STM32F1xx_HAL_Driver/Src/stm32f1xx_hal_rcc.o
LOAD ./Drivers/STM32F1xx_HAL_Driver/Src/stm32f1xx_hal_rcc_ex.o
LOAD ./Drivers/STM32F1xx_HAL_Driver/Src/stm32f1xx_hal_spi.o
LOAD ./Drivers/STM32F1xx_HAL_Driver/Src/stm32f1xx_hal_tim.o
LOAD ./Drivers/STM32F1xx_HAL_Driver/Src/stm32f1xx_hal_tim_ex.o
START GROUP
LOAD e:/st/stm32cubeide_1.7.0/stm32cubeide/plugins/com.st.stm32cube.ide.mcu.externaltools.gnu-tools-for-stm32.9-2020-q2-update.win32_2.0.0.202105311346/tools/bin/../lib/gcc/arm-none-eabi/9.3.1/../../../../arm-none-eabi/lib/thumb/v7-m/nofp\libc_nano.a
LOAD e:/st/stm32cubeide_1.7.0/stm32cubeide/plugins/com.st.stm32cube.ide.mcu.externaltools.gnu-tools-for-stm32.9-2020-q2-update.win32_2.0.0.202105311346/tools/bin/../lib/gcc/arm-none-eabi/9.3.1/../../../../arm-none-eabi/lib/thumb/v7-m/nofp\libm.a
END GROUP
START GROUP
LOAD e:/st/stm32cubeide_1.7.0/stm32cubeide/plugins/com.st.stm32cube.ide.mcu.externaltools.gnu-tools-for-stm32.9-2020-q2-update.win32_2.0.0.202105311346/tools/bin/../lib/gcc/arm-none-eabi/9.3.1/thumb/v7-m/nofp\libgcc.a
LOAD e:/st/stm32cubeide_1.7.0/stm32cubeide/plugins/com.st.stm32cube.ide.mcu.externaltools.gnu-tools-for-stm32.9-2020-q2-update.win32_2.0.0.202105311346/tools/bin/../lib/gcc/arm-none-eabi/9.3.1/../../../../arm-none-eabi/lib/thumb/v7-m/nofp\libc_nano.a
END GROUP
START GROUP
LOAD e:/st/stm32cubeide_1.7.0/stm32cubeide/plugins/com.st.stm32cube.ide.mcu.externaltools.gnu-tools-for-stm32.9-2020-q2-update.win32_2.0.0.202105311346/tools/bin/../lib/gcc/arm-none-eabi/9.3.1/thumb/v7-m/nofp\libgcc.a
LOAD e:/st/stm32cubeide_1.7.0/stm32cubeide/plugins/com.st.stm32cube.ide.mcu.externaltools.gnu-tools-for-stm32.9-2020-q2-update.win32_2.0.0.202105311346/tools/bin/../lib/gcc/arm-none-eabi/9.3.1/../../../../arm-none-eabi/lib/thumb/v7-m/nofp\libc_nano.a
LOAD e:/st/stm32cubeide_1.7.0/stm32cubeide/plugins/com.st.stm32cube.ide.mcu.externaltools.gnu-tools-for-stm32.9-2020-q2-update.win32_2.0.0.202105311346/tools/bin/../lib/gcc/arm-none-eabi/9.3.1/../../../../arm-none-eabi/lib/thumb/v7-m/nofp\libnosys.a
END GROUP
START GROUP
LOAD e:/st/stm32cubeide_1.7.0/stm32cubeide/plugins/com.st.stm32cube.ide.mcu.externaltools.gnu-tools-for-stm32.9-2020-q2-update.win32_2.0.0.202105311346/tools/bin/../lib/gcc/arm-none-eabi/9.3.1/thumb/v7-m/nofp\libgcc.a
LOAD e:/st/stm32cubeide_1.7.0/stm32cubeide/plugins/com.st.stm32cube.ide.mcu.externaltools.gnu-tools-for-stm32.9-2020-q2-update.win32_2.0.0.202105311346/tools/bin/../lib/gcc/arm-none-eabi/9.3.1/../../../../arm-none-eabi/lib/thumb/v7-m/nofp\libc_nano.a
LOAD e:/st/stm32cubeide_1.7.0/stm32cubeide/plugins/com.st.stm32cube.ide.mcu.externaltools.gnu-tools-for-stm32.9-2020-q2-update.win32_2.0.0.202105311346/tools/bin/../lib/gcc/arm-none-eabi/9.3.1/../../../../arm-none-eabi/lib/thumb/v7-m/nofp\libnosys.a
END GROUP
LOAD e:/st/stm32cubeide_1.7.0/stm32cubeide/plugins/com.st.stm32cube.ide.mcu.externaltools.gnu-tools-for-stm32.9-2020-q2-update.win32_2.0.0.202105311346/tools/bin/../lib/gcc/arm-none-eabi/9.3.1/thumb/v7-m/nofp/crtend.o
LOAD e:/st/stm32cubeide_1.7.0/stm32cubeide/plugins/com.st.stm32cube.ide.mcu.externaltools.gnu-tools-for-stm32.9-2020-q2-update.win32_2.0.0.202105311346/tools/bin/../lib/gcc/arm-none-eabi/9.3.1/thumb/v7-m/nofp/crtn.o
                0x0000000020010000                _estack = (ORIGIN (RAM) + LENGTH (RAM))
                0x0000000000000200                _Min_Heap_Size = 0x200
                0x0000000000000400                _Min_Stack_Size = 0x400

.isr_vector     0x0000000008000000      0x1e4
                0x0000000008000000                . = ALIGN (0x4)
 *(.isr_vector)
 .isr_vector    0x0000000008000000      0x1e4 ./Core/Startup/startup_stm32f103vetx.o
                0x0000000008000000                g_pfnVectors
                0x00000000080001e4                . = ALIGN (0x4)

.text           0x00000000080001e8     0x6f3c
                0x00000000080001e8                . = ALIGN (0x4)
 *(.text)
 .text          0x00000000080001e8       0x40 e:/st/stm32cubeide_1.7.0/stm32cubeide/plugins/com.st.stm32cube.ide.mcu.externaltools.gnu-tools-for-stm32.9-2020-q2-update.win32_2.0.0.202105311346/tools/bin/../lib/gcc/arm-none-eabi/9.3.1/thumb/v7-m/nofp/crtbegin.o
 .text          0x0000000008000228      0x378 e:/st/stm32cubeide_1.7.0/stm32cubeide/plugins/com.st.stm32cube.ide.mcu.externaltools.gnu-tools-for-stm32.9-2020-q2-update.win32_2.0.0.202105311346/tools/bin/../lib/gcc/arm-none-eabi/9.3.1/thumb/v7-m/nofp\libgcc.a(_arm_addsubdf3.o)
                0x0000000008000228                __aeabi_drsub
                0x0000000008000230                __aeabi_dsub
                0x0000000008000230                __subdf3
                0x0000000008000234                __aeabi_dadd
                0x0000000008000234                __adddf3
                0x00000000080004ac                __floatunsidf
                0x00000000080004ac                __aeabi_ui2d
                0x00000000080004cc                __floatsidf
                0x00000000080004cc                __aeabi_i2d
                0x00000000080004f0                __aeabi_f2d
                0x00000000080004f0                __extendsfdf2
                0x0000000008000534                __floatundidf
                0x0000000008000534                __aeabi_ul2d
                0x0000000008000544                __floatdidf
                0x0000000008000544                __aeabi_l2d
 .text          0x00000000080005a0      0x424 e:/st/stm32cubeide_1.7.0/stm32cubeide/plugins/com.st.stm32cube.ide.mcu.externaltools.gnu-tools-for-stm32.9-2020-q2-update.win32_2.0.0.202105311346/tools/bin/../lib/gcc/arm-none-eabi/9.3.1/thumb/v7-m/nofp\libgcc.a(_arm_muldivdf3.o)
                0x00000000080005a0                __aeabi_dmul
                0x00000000080005a0                __muldf3
                0x00000000080007f4                __divdf3
                0x00000000080007f4                __aeabi_ddiv
 .text          0x00000000080009c4      0x110 e:/st/stm32cubeide_1.7.0/stm32cubeide/plugins/com.st.stm32cube.ide.mcu.externaltools.gnu-tools-for-stm32.9-2020-q2-update.win32_2.0.0.202105311346/tools/bin/../lib/gcc/arm-none-eabi/9.3.1/thumb/v7-m/nofp\libgcc.a(_arm_cmpdf2.o)
                0x00000000080009c4                __gtdf2
                0x00000000080009c4                __gedf2
                0x00000000080009cc                __ltdf2
                0x00000000080009cc                __ledf2
                0x00000000080009d4                __nedf2
                0x00000000080009d4                __eqdf2
                0x00000000080009d4                __cmpdf2
                0x0000000008000a50                __aeabi_cdrcmple
                0x0000000008000a60                __aeabi_cdcmpeq
                0x0000000008000a60                __aeabi_cdcmple
                0x0000000008000a70                __aeabi_dcmpeq
                0x0000000008000a84                __aeabi_dcmplt
                0x0000000008000a98                __aeabi_dcmple
                0x0000000008000aac                __aeabi_dcmpge
                0x0000000008000ac0                __aeabi_dcmpgt
 .text          0x0000000008000ad4       0x40 e:/st/stm32cubeide_1.7.0/stm32cubeide/plugins/com.st.stm32cube.ide.mcu.externaltools.gnu-tools-for-stm32.9-2020-q2-update.win32_2.0.0.202105311346/tools/bin/../lib/gcc/arm-none-eabi/9.3.1/thumb/v7-m/nofp\libgcc.a(_arm_fixunsdfsi.o)
                0x0000000008000ad4                __aeabi_d2uiz
                0x0000000008000ad4                __fixunsdfsi
 *(.text*)
 .text.OnCaDDetectted
                0x0000000008000b14       0x3c ./Core/App_Test/App_test.o
                0x0000000008000b14                OnCaDDetectted
 .text.OnTxDone
                0x0000000008000b50       0x30 ./Core/App_Test/App_test.o
                0x0000000008000b50                OnTxDone
 .text.OnRxDone
                0x0000000008000b80       0x84 ./Core/App_Test/App_test.o
                0x0000000008000b80                OnRxDone
 .text.OnRxTimeout
                0x0000000008000c04       0x30 ./Core/App_Test/App_test.o
                0x0000000008000c04                OnRxTimeout
 .text.OnRxError
                0x0000000008000c34        0xc ./Core/App_Test/App_test.o
                0x0000000008000c34                OnRxError
 .text.Send_Check
                0x0000000008000c40       0x3c ./Core/App_Test/App_test.o
                0x0000000008000c40                Send_Check
 .text.App_TestMain
                0x0000000008000c7c      0x194 ./Core/App_Test/App_test.o
                0x0000000008000c7c                App_TestMain
 .text.HAL_TIM_PeriodElapsedCallback
                0x0000000008000e10       0x5c ./Core/App_Test/App_test.o
                0x0000000008000e10                HAL_TIM_PeriodElapsedCallback
 .text.HAL_ADC_ConvCpltCallback
                0x0000000008000e6c       0x54 ./Core/App_Test/App_test.o
                0x0000000008000e6c                HAL_ADC_ConvCpltCallback
 .text.MX_ADC1_Init
                0x0000000008000ec0       0x7c ./Core/Src/adc.o
                0x0000000008000ec0                MX_ADC1_Init
 .text.HAL_ADC_MspInit
                0x0000000008000f3c       0x88 ./Core/Src/adc.o
                0x0000000008000f3c                HAL_ADC_MspInit
 .text.MX_GPIO_Init
                0x0000000008000fc4      0x140 ./Core/Src/gpio.o
                0x0000000008000fc4                MX_GPIO_Init
 .text.main     0x0000000008001104       0x26 ./Core/Src/main.o
                0x0000000008001104                main
 .text.SystemClock_Config
                0x000000000800112a       0xae ./Core/Src/main.o
                0x000000000800112a                SystemClock_Config
 .text.Error_Handler
                0x00000000080011d8        0xa ./Core/Src/main.o
                0x00000000080011d8                Error_Handler
 *fill*         0x00000000080011e2        0x2 
 .text.MX_SPI1_Init
                0x00000000080011e4       0x6c ./Core/Src/spi.o
                0x00000000080011e4                MX_SPI1_Init
 .text.HAL_SPI_MspInit
                0x0000000008001250       0x94 ./Core/Src/spi.o
                0x0000000008001250                HAL_SPI_MspInit
 .text.HAL_MspInit
                0x00000000080012e4       0x64 ./Core/Src/stm32f1xx_hal_msp.o
                0x00000000080012e4                HAL_MspInit
 .text.NMI_Handler
                0x0000000008001348        0x6 ./Core/Src/stm32f1xx_it.o
                0x0000000008001348                NMI_Handler
 .text.HardFault_Handler
                0x000000000800134e        0x6 ./Core/Src/stm32f1xx_it.o
                0x000000000800134e                HardFault_Handler
 .text.MemManage_Handler
                0x0000000008001354        0x6 ./Core/Src/stm32f1xx_it.o
                0x0000000008001354                MemManage_Handler
 .text.BusFault_Handler
                0x000000000800135a        0x6 ./Core/Src/stm32f1xx_it.o
                0x000000000800135a                BusFault_Handler
 .text.UsageFault_Handler
                0x0000000008001360        0x6 ./Core/Src/stm32f1xx_it.o
                0x0000000008001360                UsageFault_Handler
 .text.SVC_Handler
                0x0000000008001366        0xc ./Core/Src/stm32f1xx_it.o
                0x0000000008001366                SVC_Handler
 .text.DebugMon_Handler
                0x0000000008001372        0xc ./Core/Src/stm32f1xx_it.o
                0x0000000008001372                DebugMon_Handler
 .text.PendSV_Handler
                0x000000000800137e        0xc ./Core/Src/stm32f1xx_it.o
                0x000000000800137e                PendSV_Handler
 .text.SysTick_Handler
                0x000000000800138a        0xc ./Core/Src/stm32f1xx_it.o
                0x000000000800138a                SysTick_Handler
 *fill*         0x0000000008001396        0x2 
 .text.ADC1_2_IRQHandler
                0x0000000008001398       0x14 ./Core/Src/stm32f1xx_it.o
                0x0000000008001398                ADC1_2_IRQHandler
 .text.TIM2_IRQHandler
                0x00000000080013ac       0x14 ./Core/Src/stm32f1xx_it.o
                0x00000000080013ac                TIM2_IRQHandler
 .text.TIM6_IRQHandler
                0x00000000080013c0       0x14 ./Core/Src/stm32f1xx_it.o
                0x00000000080013c0                TIM6_IRQHandler
 .text._sbrk    0x00000000080013d4       0x6c ./Core/Src/sysmem.o
                0x00000000080013d4                _sbrk
 .text.SystemInit
                0x0000000008001440        0xc ./Core/Src/system_stm32f1xx.o
                0x0000000008001440                SystemInit
 .text.MX_TIM2_Init
                0x000000000800144c       0x98 ./Core/Src/tim.o
                0x000000000800144c                MX_TIM2_Init
 .text.MX_TIM6_Init
                0x00000000080014e4       0x6c ./Core/Src/tim.o
                0x00000000080014e4                MX_TIM6_Init
 .text.HAL_TIM_Base_MspInit
                0x0000000008001550       0x80 ./Core/Src/tim.o
                0x0000000008001550                HAL_TIM_Base_MspInit
 .text.Reset_Handler
                0x00000000080015d0       0x48 ./Core/Startup/startup_stm32f103vetx.o
                0x00000000080015d0                Reset_Handler
 .text.Default_Handler
                0x0000000008001618        0x2 ./Core/Startup/startup_stm32f103vetx.o
                0x0000000008001618                RTC_Alarm_IRQHandler
                0x0000000008001618                EXTI2_IRQHandler
                0x0000000008001618                TIM8_TRG_COM_IRQHandler
                0x0000000008001618                TIM8_CC_IRQHandler
                0x0000000008001618                TIM1_CC_IRQHandler
                0x0000000008001618                PVD_IRQHandler
                0x0000000008001618                SDIO_IRQHandler
                0x0000000008001618                EXTI3_IRQHandler
                0x0000000008001618                EXTI0_IRQHandler
                0x0000000008001618                I2C2_EV_IRQHandler
                0x0000000008001618                SPI1_IRQHandler
                0x0000000008001618                TAMPER_IRQHandler
                0x0000000008001618                TIM8_UP_IRQHandler
                0x0000000008001618                DMA2_Channel2_IRQHandler
                0x0000000008001618                DMA1_Channel4_IRQHandler
                0x0000000008001618                RTC_IRQHandler
                0x0000000008001618                DMA1_Channel7_IRQHandler
                0x0000000008001618                CAN1_RX1_IRQHandler
                0x0000000008001618                UART5_IRQHandler
                0x0000000008001618                ADC3_IRQHandler
                0x0000000008001618                TIM4_IRQHandler
                0x0000000008001618                DMA2_Channel1_IRQHandler
                0x0000000008001618                I2C1_EV_IRQHandler
                0x0000000008001618                DMA1_Channel6_IRQHandler
                0x0000000008001618                UART4_IRQHandler
                0x0000000008001618                TIM3_IRQHandler
                0x0000000008001618                RCC_IRQHandler
                0x0000000008001618                TIM1_TRG_COM_IRQHandler
                0x0000000008001618                DMA1_Channel1_IRQHandler
                0x0000000008001618                Default_Handler
                0x0000000008001618                EXTI15_10_IRQHandler
                0x0000000008001618                TIM7_IRQHandler
                0x0000000008001618                TIM5_IRQHandler
                0x0000000008001618                EXTI9_5_IRQHandler
                0x0000000008001618                SPI2_IRQHandler
                0x0000000008001618                DMA1_Channel5_IRQHandler
                0x0000000008001618                EXTI4_IRQHandler
                0x0000000008001618                USB_LP_CAN1_RX0_IRQHandler
                0x0000000008001618                USB_HP_CAN1_TX_IRQHandler
                0x0000000008001618                DMA1_Channel3_IRQHandler
                0x0000000008001618                FSMC_IRQHandler
                0x0000000008001618                TIM1_UP_IRQHandler
                0x0000000008001618                WWDG_IRQHandler
                0x0000000008001618                TIM1_BRK_IRQHandler
                0x0000000008001618                EXTI1_IRQHandler
                0x0000000008001618                DMA2_Channel4_5_IRQHandler
                0x0000000008001618                I2C2_ER_IRQHandler
                0x0000000008001618                DMA1_Channel2_IRQHandler
                0x0000000008001618                TIM8_BRK_IRQHandler
                0x0000000008001618                CAN1_SCE_IRQHandler
                0x0000000008001618                FLASH_IRQHandler
                0x0000000008001618                SPI3_IRQHandler
                0x0000000008001618                I2C1_ER_IRQHandler
                0x0000000008001618                USBWakeUp_IRQHandler
                0x0000000008001618                DMA2_Channel3_IRQHandler
 *fill*         0x000000000800161a        0x2 
 .text.L1_Init  0x000000000800161c       0x88 ./Drivers/LoRa_Drivers/Aloha_Protocol/Layer1.o
                0x000000000800161c                L1_Init
 .text.DelayMs  0x00000000080016a4       0x20 ./Drivers/LoRa_Drivers/Devices/SX126X/delay/my_delay.o
                0x00000000080016a4                DelayMs
 .text.RadioGetFskBandwidthRegValue
                0x00000000080016c4       0x60 ./Drivers/LoRa_Drivers/Devices/SX126X/src/radio.o
 .text.RadioInit
                0x0000000008001724       0x5c ./Drivers/LoRa_Drivers/Devices/SX126X/src/radio.o
                0x0000000008001724                RadioInit
 .text.RadioGetStatus
                0x0000000008001780       0x2c ./Drivers/LoRa_Drivers/Devices/SX126X/src/radio.o
                0x0000000008001780                RadioGetStatus
 .text.RadioSetModem
                0x00000000080017ac       0x50 ./Drivers/LoRa_Drivers/Devices/SX126X/src/radio.o
                0x00000000080017ac                RadioSetModem
 .text.RadioSetChannel
                0x00000000080017fc       0x16 ./Drivers/LoRa_Drivers/Devices/SX126X/src/radio.o
                0x00000000080017fc                RadioSetChannel
 .text.RadioIsChannelFree
                0x0000000008001812       0x40 ./Drivers/LoRa_Drivers/Devices/SX126X/src/radio.o
                0x0000000008001812                RadioIsChannelFree
 .text.RadioRandom
                0x0000000008001852       0x54 ./Drivers/LoRa_Drivers/Devices/SX126X/src/radio.o
                0x0000000008001852                RadioRandom
 *fill*         0x00000000080018a6        0x2 
 .text.RadioSetRxConfig
                0x00000000080018a8      0x288 ./Drivers/LoRa_Drivers/Devices/SX126X/src/radio.o
                0x00000000080018a8                RadioSetRxConfig
 .text.RadioSetTxConfig
                0x0000000008001b30      0x1e8 ./Drivers/LoRa_Drivers/Devices/SX126X/src/radio.o
                0x0000000008001b30                RadioSetTxConfig
 .text.RadioCheckRfFrequency
                0x0000000008001d18       0x14 ./Drivers/LoRa_Drivers/Devices/SX126X/src/radio.o
                0x0000000008001d18                RadioCheckRfFrequency
 *fill*         0x0000000008001d2c        0x4 
 .text.RadioTimeOnAir
                0x0000000008001d30      0x298 ./Drivers/LoRa_Drivers/Devices/SX126X/src/radio.o
                0x0000000008001d30                RadioTimeOnAir
 .text.RadioSend
                0x0000000008001fc8       0x54 ./Drivers/LoRa_Drivers/Devices/SX126X/src/radio.o
                0x0000000008001fc8                RadioSend
 .text.RadioSleep
                0x000000000800201c       0x26 ./Drivers/LoRa_Drivers/Devices/SX126X/src/radio.o
                0x000000000800201c                RadioSleep
 .text.RadioStandby
                0x0000000008002042        0xe ./Drivers/LoRa_Drivers/Devices/SX126X/src/radio.o
                0x0000000008002042                RadioStandby
 .text.RadioRx  0x0000000008002050       0x3e ./Drivers/LoRa_Drivers/Devices/SX126X/src/radio.o
                0x0000000008002050                RadioRx
 *fill*         0x000000000800208e        0x2 
 .text.RadioRxBoosted
                0x0000000008002090       0x40 ./Drivers/LoRa_Drivers/Devices/SX126X/src/radio.o
                0x0000000008002090                RadioRxBoosted
 .text.RadioSetRxDutyCycle
                0x00000000080020d0       0x1a ./Drivers/LoRa_Drivers/Devices/SX126X/src/radio.o
                0x00000000080020d0                RadioSetRxDutyCycle
 .text.RadioStartCad
                0x00000000080020ea        0xc ./Drivers/LoRa_Drivers/Devices/SX126X/src/radio.o
                0x00000000080020ea                RadioStartCad
 .text.RadioSetTxContinuousWave
                0x00000000080020f6       0x2c ./Drivers/LoRa_Drivers/Devices/SX126X/src/radio.o
                0x00000000080020f6                RadioSetTxContinuousWave
 .text.RadioRssi
                0x0000000008002122       0x1a ./Drivers/LoRa_Drivers/Devices/SX126X/src/radio.o
                0x0000000008002122                RadioRssi
 .text.RadioWrite
                0x000000000800213c       0x24 ./Drivers/LoRa_Drivers/Devices/SX126X/src/radio.o
                0x000000000800213c                RadioWrite
 .text.RadioRead
                0x0000000008002160       0x1c ./Drivers/LoRa_Drivers/Devices/SX126X/src/radio.o
                0x0000000008002160                RadioRead
 .text.RadioWriteBuffer
                0x000000000800217c       0x26 ./Drivers/LoRa_Drivers/Devices/SX126X/src/radio.o
                0x000000000800217c                RadioWriteBuffer
 .text.RadioReadBuffer
                0x00000000080021a2       0x26 ./Drivers/LoRa_Drivers/Devices/SX126X/src/radio.o
                0x00000000080021a2                RadioReadBuffer
 .text.RadioSetMaxPayloadLength
                0x00000000080021c8       0x58 ./Drivers/LoRa_Drivers/Devices/SX126X/src/radio.o
                0x00000000080021c8                RadioSetMaxPayloadLength
 .text.RadioSetPublicNetwork
                0x0000000008002220       0x5c ./Drivers/LoRa_Drivers/Devices/SX126X/src/radio.o
                0x0000000008002220                RadioSetPublicNetwork
 .text.RadioGetWakeupTime
                0x000000000800227c        0xe ./Drivers/LoRa_Drivers/Devices/SX126X/src/radio.o
                0x000000000800227c                RadioGetWakeupTime
 *fill*         0x000000000800228a        0x2 
 .text.RadioOnDioIrq
                0x000000000800228c       0x18 ./Drivers/LoRa_Drivers/Devices/SX126X/src/radio.o
                0x000000000800228c                RadioOnDioIrq
 .text.RadioIrqProcess
                0x00000000080022a4      0x194 ./Drivers/LoRa_Drivers/Devices/SX126X/src/radio.o
                0x00000000080022a4                RadioIrqProcess
 .text.HALSpiInOut
                0x0000000008002438       0x30 ./Drivers/LoRa_Drivers/Devices/SX126X/src/sx126x-board.o
                0x0000000008002438                HALSpiInOut
 .text.SX126xReset
                0x0000000008002468       0x38 ./Drivers/LoRa_Drivers/Devices/SX126X/src/sx126x-board.o
                0x0000000008002468                SX126xReset
 .text.SX126xWaitOnBusy
                0x00000000080024a0       0x20 ./Drivers/LoRa_Drivers/Devices/SX126X/src/sx126x-board.o
                0x00000000080024a0                SX126xWaitOnBusy
 .text.SX126xWakeup
                0x00000000080024c0       0x38 ./Drivers/LoRa_Drivers/Devices/SX126X/src/sx126x-board.o
                0x00000000080024c0                SX126xWakeup
 .text.SX126xWriteCommand
                0x00000000080024f8       0x74 ./Drivers/LoRa_Drivers/Devices/SX126X/src/sx126x-board.o
                0x00000000080024f8                SX126xWriteCommand
 .text.SX126xReadCommand
                0x000000000800256c       0x78 ./Drivers/LoRa_Drivers/Devices/SX126X/src/sx126x-board.o
                0x000000000800256c                SX126xReadCommand
 .text.SX126xWriteRegisters
                0x00000000080025e4       0x88 ./Drivers/LoRa_Drivers/Devices/SX126X/src/sx126x-board.o
                0x00000000080025e4                SX126xWriteRegisters
 .text.SX126xWriteRegister
                0x000000000800266c       0x24 ./Drivers/LoRa_Drivers/Devices/SX126X/src/sx126x-board.o
                0x000000000800266c                SX126xWriteRegister
 .text.SX126xReadRegisters
                0x0000000008002690       0x94 ./Drivers/LoRa_Drivers/Devices/SX126X/src/sx126x-board.o
                0x0000000008002690                SX126xReadRegisters
 .text.SX126xReadRegister
                0x0000000008002724       0x22 ./Drivers/LoRa_Drivers/Devices/SX126X/src/sx126x-board.o
                0x0000000008002724                SX126xReadRegister
 *fill*         0x0000000008002746        0x2 
 .text.SX126xWriteBuffer
                0x0000000008002748       0x78 ./Drivers/LoRa_Drivers/Devices/SX126X/src/sx126x-board.o
                0x0000000008002748                SX126xWriteBuffer
 .text.SX126xReadBuffer
                0x00000000080027c0       0x84 ./Drivers/LoRa_Drivers/Devices/SX126X/src/sx126x-board.o
                0x00000000080027c0                SX126xReadBuffer
 .text.SX126xSetRfTxPower
                0x0000000008002844       0x1e ./Drivers/LoRa_Drivers/Devices/SX126X/src/sx126x-board.o
                0x0000000008002844                SX126xSetRfTxPower
 .text.SX126xGetPaSelect
                0x0000000008002862       0x14 ./Drivers/LoRa_Drivers/Devices/SX126X/src/sx126x-board.o
                0x0000000008002862                SX126xGetPaSelect
 .text.SX126xAntSwOn
                0x0000000008002876        0xc ./Drivers/LoRa_Drivers/Devices/SX126X/src/sx126x-board.o
                0x0000000008002876                SX126xAntSwOn
 .text.SX126xAntSwOff
                0x0000000008002882        0xc ./Drivers/LoRa_Drivers/Devices/SX126X/src/sx126x-board.o
                0x0000000008002882                SX126xAntSwOff
 *fill*         0x000000000800288e        0x2 
 .text.SX126xInit
                0x0000000008002890       0x30 ./Drivers/LoRa_Drivers/Devices/SX126X/src/sx126x.o
                0x0000000008002890                SX126xInit
 .text.SX126xGetOperatingMode
                0x00000000080028c0       0x14 ./Drivers/LoRa_Drivers/Devices/SX126X/src/sx126x.o
                0x00000000080028c0                SX126xGetOperatingMode
 .text.SX126xCheckDeviceReady
                0x00000000080028d4       0x28 ./Drivers/LoRa_Drivers/Devices/SX126X/src/sx126x.o
                0x00000000080028d4                SX126xCheckDeviceReady
 .text.SX126xSetPayload
                0x00000000080028fc       0x20 ./Drivers/LoRa_Drivers/Devices/SX126X/src/sx126x.o
                0x00000000080028fc                SX126xSetPayload
 .text.SX126xGetPayload
                0x000000000800291c       0x44 ./Drivers/LoRa_Drivers/Devices/SX126X/src/sx126x.o
                0x000000000800291c                SX126xGetPayload
 .text.SX126xSendPayload
                0x0000000008002960       0x26 ./Drivers/LoRa_Drivers/Devices/SX126X/src/sx126x.o
                0x0000000008002960                SX126xSendPayload
 .text.SX126xSetSyncWord
                0x0000000008002986       0x1e ./Drivers/LoRa_Drivers/Devices/SX126X/src/sx126x.o
                0x0000000008002986                SX126xSetSyncWord
 .text.SX126xSetCrcSeed
                0x00000000080029a4       0x40 ./Drivers/LoRa_Drivers/Devices/SX126X/src/sx126x.o
                0x00000000080029a4                SX126xSetCrcSeed
 .text.SX126xSetCrcPolynomial
                0x00000000080029e4       0x40 ./Drivers/LoRa_Drivers/Devices/SX126X/src/sx126x.o
                0x00000000080029e4                SX126xSetCrcPolynomial
 .text.SX126xSetWhiteningSeed
                0x0000000008002a24       0x66 ./Drivers/LoRa_Drivers/Devices/SX126X/src/sx126x.o
                0x0000000008002a24                SX126xSetWhiteningSeed
 *fill*         0x0000000008002a8a        0x2 
 .text.SX126xSetSleep
                0x0000000008002a8c       0x2c ./Drivers/LoRa_Drivers/Devices/SX126X/src/sx126x.o
                0x0000000008002a8c                SX126xSetSleep
 .text.SX126xSetStandby
                0x0000000008002ab8       0x38 ./Drivers/LoRa_Drivers/Devices/SX126X/src/sx126x.o
                0x0000000008002ab8                SX126xSetStandby
 .text.SX126xSetTx
                0x0000000008002af0       0x40 ./Drivers/LoRa_Drivers/Devices/SX126X/src/sx126x.o
                0x0000000008002af0                SX126xSetTx
 .text.SX126xSetRx
                0x0000000008002b30       0x40 ./Drivers/LoRa_Drivers/Devices/SX126X/src/sx126x.o
                0x0000000008002b30                SX126xSetRx
 .text.SX126xSetRxBoosted
                0x0000000008002b70       0x48 ./Drivers/LoRa_Drivers/Devices/SX126X/src/sx126x.o
                0x0000000008002b70                SX126xSetRxBoosted
 .text.SX126xSetRxDutyCycle
                0x0000000008002bb8       0x58 ./Drivers/LoRa_Drivers/Devices/SX126X/src/sx126x.o
                0x0000000008002bb8                SX126xSetRxDutyCycle
 .text.SX126xSetCad
                0x0000000008002c10       0x1c ./Drivers/LoRa_Drivers/Devices/SX126X/src/sx126x.o
                0x0000000008002c10                SX126xSetCad
 .text.SX126xSetTxContinuousWave
                0x0000000008002c2c       0x12 ./Drivers/LoRa_Drivers/Devices/SX126X/src/sx126x.o
                0x0000000008002c2c                SX126xSetTxContinuousWave
 .text.SX126xSetStopRxTimerOnPreambleDetect
                0x0000000008002c3e       0x1e ./Drivers/LoRa_Drivers/Devices/SX126X/src/sx126x.o
                0x0000000008002c3e                SX126xSetStopRxTimerOnPreambleDetect
 .text.SX126xSetLoRaSymbNumTimeout
                0x0000000008002c5c       0x1e ./Drivers/LoRa_Drivers/Devices/SX126X/src/sx126x.o
                0x0000000008002c5c                SX126xSetLoRaSymbNumTimeout
 .text.SX126xSetRegulatorMode
                0x0000000008002c7a       0x1e ./Drivers/LoRa_Drivers/Devices/SX126X/src/sx126x.o
                0x0000000008002c7a                SX126xSetRegulatorMode
 .text.SX126xCalibrateImage
                0x0000000008002c98       0x8c ./Drivers/LoRa_Drivers/Devices/SX126X/src/sx126x.o
                0x0000000008002c98                SX126xCalibrateImage
 .text.SX126xSetPaConfig
                0x0000000008002d24       0x44 ./Drivers/LoRa_Drivers/Devices/SX126X/src/sx126x.o
                0x0000000008002d24                SX126xSetPaConfig
 .text.SX126xSetDioIrqParams
                0x0000000008002d68       0x74 ./Drivers/LoRa_Drivers/Devices/SX126X/src/sx126x.o
                0x0000000008002d68                SX126xSetDioIrqParams
 .text.SX126xGetIrqStatus
                0x0000000008002ddc       0x2a ./Drivers/LoRa_Drivers/Devices/SX126X/src/sx126x.o
                0x0000000008002ddc                SX126xGetIrqStatus
 .text.SX126xSetDio2AsRfSwitchCtrl
                0x0000000008002e06       0x1e ./Drivers/LoRa_Drivers/Devices/SX126X/src/sx126x.o
                0x0000000008002e06                SX126xSetDio2AsRfSwitchCtrl
 *fill*         0x0000000008002e24        0x4 
 .text.SX126xSetRfFrequency
                0x0000000008002e28       0x8c ./Drivers/LoRa_Drivers/Devices/SX126X/src/sx126x.o
                0x0000000008002e28                SX126xSetRfFrequency
 .text.SX126xSetPacketType
                0x0000000008002eb4       0x28 ./Drivers/LoRa_Drivers/Devices/SX126X/src/sx126x.o
                0x0000000008002eb4                SX126xSetPacketType
 .text.SX126xGetPacketType
                0x0000000008002edc       0x14 ./Drivers/LoRa_Drivers/Devices/SX126X/src/sx126x.o
                0x0000000008002edc                SX126xGetPacketType
 .text.SX126xSetTxParams
                0x0000000008002ef0       0xb6 ./Drivers/LoRa_Drivers/Devices/SX126X/src/sx126x.o
                0x0000000008002ef0                SX126xSetTxParams
 *fill*         0x0000000008002fa6        0x2 
 .text.SX126xSetModulationParams
                0x0000000008002fa8      0x13c ./Drivers/LoRa_Drivers/Devices/SX126X/src/sx126x.o
                0x0000000008002fa8                SX126xSetModulationParams
 .text.SX126xSetPacketParams
                0x00000000080030e4      0x110 ./Drivers/LoRa_Drivers/Devices/SX126X/src/sx126x.o
                0x00000000080030e4                SX126xSetPacketParams
 .text.SX126xSetCadParams
                0x00000000080031f4       0x64 ./Drivers/LoRa_Drivers/Devices/SX126X/src/sx126x.o
                0x00000000080031f4                SX126xSetCadParams
 .text.SX126xSetBufferBaseAddress
                0x0000000008003258       0x2e ./Drivers/LoRa_Drivers/Devices/SX126X/src/sx126x.o
                0x0000000008003258                SX126xSetBufferBaseAddress
 .text.SX126xGetRssiInst
                0x0000000008003286       0x2a ./Drivers/LoRa_Drivers/Devices/SX126X/src/sx126x.o
                0x0000000008003286                SX126xGetRssiInst
 .text.SX126xGetRxBufferStatus
                0x00000000080032b0       0x5a ./Drivers/LoRa_Drivers/Devices/SX126X/src/sx126x.o
                0x00000000080032b0                SX126xGetRxBufferStatus
 *fill*         0x000000000800330a        0x2 
 .text.SX126xGetPacketStatus
                0x000000000800330c       0xbc ./Drivers/LoRa_Drivers/Devices/SX126X/src/sx126x.o
                0x000000000800330c                SX126xGetPacketStatus
 .text.SX126xClearIrqStatus
                0x00000000080033c8       0x30 ./Drivers/LoRa_Drivers/Devices/SX126X/src/sx126x.o
                0x00000000080033c8                SX126xClearIrqStatus
 .text.app_debug_rtt_raw
                0x00000000080033f8       0x68 ./Drivers/LoRa_Drivers/stm32/app_debug/app_debug.o
                0x00000000080033f8                app_debug_rtt_raw
 .text.sys_get_tick_ms
                0x0000000008003460        0xe ./Drivers/LoRa_Drivers/stm32/app_debug/app_debug.o
                0x0000000008003460                sys_get_tick_ms
 *fill*         0x000000000800346e        0x2 
 .text.Button_AddEvent
                0x0000000008003470       0x34 ./Drivers/Modules/Button/Button.o
                0x0000000008003470                Button_AddEvent
 .text.button_init
                0x00000000080034a4       0x4a ./Drivers/Modules/Button/Button.o
                0x00000000080034a4                button_init
 *fill*         0x00000000080034ee        0x2 
 .text.button_check
                0x00000000080034f0      0x218 ./Drivers/Modules/Button/Button.o
                0x00000000080034f0                button_check
 .text.User_Uart_Init
                0x0000000008003708       0x90 ./Drivers/Modules/UserUart/User_Uart.o
                0x0000000008003708                User_Uart_Init
 .text.User_Uart_AsyncTransmit
                0x0000000008003798       0x9c ./Drivers/Modules/UserUart/User_Uart.o
                0x0000000008003798                User_Uart_AsyncTransmit
 .text.User_Uart_Ipw_Init
                0x0000000008003834       0x32 ./Drivers/Modules/UserUart/User_Uart_Ipw.o
                0x0000000008003834                User_Uart_Ipw_Init
 .text.User_Uart_Ipw_AsyncTransmit
                0x0000000008003866       0x40 ./Drivers/Modules/UserUart/User_Uart_Ipw.o
                0x0000000008003866                User_Uart_Ipw_AsyncTransmit
 .text.User_Ip_Usart_SetBaurate
                0x00000000080038a6       0x72 ./Drivers/Modules/UserUart/ip/usart/User_Ip_Usart.o
 .text.User_Ip_Usart_Set_ParityMode
                0x0000000008003918       0x54 ./Drivers/Modules/UserUart/ip/usart/User_Ip_Usart.o
 .text.User_Ip_Usart_Set_StopBit
                0x000000000800396c       0x34 ./Drivers/Modules/UserUart/ip/usart/User_Ip_Usart.o
 .text.User_Ip_Usart_DeInit
                0x00000000080039a0       0x9c ./Drivers/Modules/UserUart/ip/usart/User_Ip_Usart.o
 .text.User_Ip_Usart_Init
                0x0000000008003a3c       0xe0 ./Drivers/Modules/UserUart/ip/usart/User_Ip_Usart.o
                0x0000000008003a3c                User_Ip_Usart_Init
 .text.User_Ip_Usart_StartAsyncTransmit
                0x0000000008003b1c       0x1e ./Drivers/Modules/UserUart/ip/usart/User_Ip_Usart.o
 .text.User_Ip_Usart_StoptAsyncTransmit
                0x0000000008003b3a       0x1e ./Drivers/Modules/UserUart/ip/usart/User_Ip_Usart.o
 .text.User_Ip_Usart_GetBuffer
                0x0000000008003b58       0x4c ./Drivers/Modules/UserUart/ip/usart/User_Ip_Usart.o
 .text.User_Ip_Usart_WriteBuffer
                0x0000000008003ba4      0x100 ./Drivers/Modules/UserUart/ip/usart/User_Ip_Usart.o
                0x0000000008003ba4                User_Ip_Usart_WriteBuffer
 .text.User_Ip_Usart_PutChar
                0x0000000008003ca4       0x1c ./Drivers/Modules/UserUart/ip/usart/User_Ip_Usart.o
 .text.User_Ip_Usart_TransmitBuffer
                0x0000000008003cc0       0x74 ./Drivers/Modules/UserUart/ip/usart/User_Ip_Usart.o
 .text.User_Ip_Usart_GetChar
                0x0000000008003d34       0x18 ./Drivers/Modules/UserUart/ip/usart/User_Ip_Usart.o
 .text.User_Ip_Usart_ReceiveBuffer
                0x0000000008003d4c       0x80 ./Drivers/Modules/UserUart/ip/usart/User_Ip_Usart.o
 .text.User_Ip_Usart_IrqHandler
                0x0000000008003dcc       0x6c ./Drivers/Modules/UserUart/ip/usart/User_Ip_Usart.o
                0x0000000008003dcc                User_Ip_Usart_IrqHandler
 .text.USART1_IRQHandler
                0x0000000008003e38        0xe ./Drivers/Modules/UserUart/ip/usart/User_Ip_Usart.o
                0x0000000008003e38                USART1_IRQHandler
 .text.USART2_IRQHandler
                0x0000000008003e46        0xe ./Drivers/Modules/UserUart/ip/usart/User_Ip_Usart.o
                0x0000000008003e46                USART2_IRQHandler
 .text.USART3_IRQHandler
                0x0000000008003e54        0xe ./Drivers/Modules/UserUart/ip/usart/User_Ip_Usart.o
                0x0000000008003e54                USART3_IRQHandler
 *fill*         0x0000000008003e62        0x2 
 .text.HAL_Init
                0x0000000008003e64       0x2c ./Drivers/STM32F1xx_HAL_Driver/Src/stm32f1xx_hal.o
                0x0000000008003e64                HAL_Init
 .text.HAL_InitTick
                0x0000000008003e90       0x60 ./Drivers/STM32F1xx_HAL_Driver/Src/stm32f1xx_hal.o
                0x0000000008003e90                HAL_InitTick
 .text.HAL_IncTick
                0x0000000008003ef0       0x24 ./Drivers/STM32F1xx_HAL_Driver/Src/stm32f1xx_hal.o
                0x0000000008003ef0                HAL_IncTick
 .text.HAL_GetTick
                0x0000000008003f14       0x14 ./Drivers/STM32F1xx_HAL_Driver/Src/stm32f1xx_hal.o
                0x0000000008003f14                HAL_GetTick
 .text.HAL_Delay
                0x0000000008003f28       0x48 ./Drivers/STM32F1xx_HAL_Driver/Src/stm32f1xx_hal.o
                0x0000000008003f28                HAL_Delay
 .text.HAL_ADC_Init
                0x0000000008003f70      0x1d4 ./Drivers/STM32F1xx_HAL_Driver/Src/stm32f1xx_hal_adc.o
                0x0000000008003f70                HAL_ADC_Init
 .text.HAL_ADC_Start_IT
                0x0000000008004144      0x16c ./Drivers/STM32F1xx_HAL_Driver/Src/stm32f1xx_hal_adc.o
                0x0000000008004144                HAL_ADC_Start_IT
 .text.HAL_ADC_GetValue
                0x00000000080042b0       0x18 ./Drivers/STM32F1xx_HAL_Driver/Src/stm32f1xx_hal_adc.o
                0x00000000080042b0                HAL_ADC_GetValue
 .text.HAL_ADC_IRQHandler
                0x00000000080042c8      0x186 ./Drivers/STM32F1xx_HAL_Driver/Src/stm32f1xx_hal_adc.o
                0x00000000080042c8                HAL_ADC_IRQHandler
 .text.HAL_ADC_LevelOutOfWindowCallback
                0x000000000800444e       0x12 ./Drivers/STM32F1xx_HAL_Driver/Src/stm32f1xx_hal_adc.o
                0x000000000800444e                HAL_ADC_LevelOutOfWindowCallback
 .text.HAL_ADC_ConfigChannel
                0x0000000008004460      0x1f0 ./Drivers/STM32F1xx_HAL_Driver/Src/stm32f1xx_hal_adc.o
                0x0000000008004460                HAL_ADC_ConfigChannel
 .text.ADC_Enable
                0x0000000008004650       0xb4 ./Drivers/STM32F1xx_HAL_Driver/Src/stm32f1xx_hal_adc.o
                0x0000000008004650                ADC_Enable
 .text.ADC_ConversionStop_Disable
                0x0000000008004704       0x82 ./Drivers/STM32F1xx_HAL_Driver/Src/stm32f1xx_hal_adc.o
                0x0000000008004704                ADC_ConversionStop_Disable
 .text.HAL_ADCEx_InjectedConvCpltCallback
                0x0000000008004786       0x12 ./Drivers/STM32F1xx_HAL_Driver/Src/stm32f1xx_hal_adc_ex.o
                0x0000000008004786                HAL_ADCEx_InjectedConvCpltCallback
 .text.__NVIC_SetPriorityGrouping
                0x0000000008004798       0x48 ./Drivers/STM32F1xx_HAL_Driver/Src/stm32f1xx_hal_cortex.o
 .text.__NVIC_GetPriorityGrouping
                0x00000000080047e0       0x1c ./Drivers/STM32F1xx_HAL_Driver/Src/stm32f1xx_hal_cortex.o
 .text.__NVIC_EnableIRQ
                0x00000000080047fc       0x38 ./Drivers/STM32F1xx_HAL_Driver/Src/stm32f1xx_hal_cortex.o
 .text.__NVIC_SetPriority
                0x0000000008004834       0x54 ./Drivers/STM32F1xx_HAL_Driver/Src/stm32f1xx_hal_cortex.o
 .text.NVIC_EncodePriority
                0x0000000008004888       0x64 ./Drivers/STM32F1xx_HAL_Driver/Src/stm32f1xx_hal_cortex.o
 .text.SysTick_Config
                0x00000000080048ec       0x44 ./Drivers/STM32F1xx_HAL_Driver/Src/stm32f1xx_hal_cortex.o
 .text.HAL_NVIC_SetPriorityGrouping
                0x0000000008004930       0x16 ./Drivers/STM32F1xx_HAL_Driver/Src/stm32f1xx_hal_cortex.o
                0x0000000008004930                HAL_NVIC_SetPriorityGrouping
 .text.HAL_NVIC_SetPriority
                0x0000000008004946       0x38 ./Drivers/STM32F1xx_HAL_Driver/Src/stm32f1xx_hal_cortex.o
                0x0000000008004946                HAL_NVIC_SetPriority
 .text.HAL_NVIC_EnableIRQ
                0x000000000800497e       0x1c ./Drivers/STM32F1xx_HAL_Driver/Src/stm32f1xx_hal_cortex.o
                0x000000000800497e                HAL_NVIC_EnableIRQ
 .text.HAL_SYSTICK_Config
                0x000000000800499a       0x18 ./Drivers/STM32F1xx_HAL_Driver/Src/stm32f1xx_hal_cortex.o
                0x000000000800499a                HAL_SYSTICK_Config
 *fill*         0x00000000080049b2        0x2 
 .text.HAL_GPIO_Init
                0x00000000080049b4      0x328 ./Drivers/STM32F1xx_HAL_Driver/Src/stm32f1xx_hal_gpio.o
                0x00000000080049b4                HAL_GPIO_Init
 .text.HAL_GPIO_ReadPin
                0x0000000008004cdc       0x2e ./Drivers/STM32F1xx_HAL_Driver/Src/stm32f1xx_hal_gpio.o
                0x0000000008004cdc                HAL_GPIO_ReadPin
 .text.HAL_GPIO_WritePin
                0x0000000008004d0a       0x30 ./Drivers/STM32F1xx_HAL_Driver/Src/stm32f1xx_hal_gpio.o
                0x0000000008004d0a                HAL_GPIO_WritePin
 .text.HAL_GPIO_TogglePin
                0x0000000008004d3a       0x32 ./Drivers/STM32F1xx_HAL_Driver/Src/stm32f1xx_hal_gpio.o
                0x0000000008004d3a                HAL_GPIO_TogglePin
 .text.HAL_RCC_OscConfig
                0x0000000008004d6c      0x500 ./Drivers/STM32F1xx_HAL_Driver/Src/stm32f1xx_hal_rcc.o
                0x0000000008004d6c                HAL_RCC_OscConfig
 .text.HAL_RCC_ClockConfig
                0x000000000800526c      0x1d4 ./Drivers/STM32F1xx_HAL_Driver/Src/stm32f1xx_hal_rcc.o
                0x000000000800526c                HAL_RCC_ClockConfig
 .text.HAL_RCC_GetSysClockFreq
                0x0000000008005440       0xc0 ./Drivers/STM32F1xx_HAL_Driver/Src/stm32f1xx_hal_rcc.o
                0x0000000008005440                HAL_RCC_GetSysClockFreq
 .text.RCC_Delay
                0x0000000008005500       0x3c ./Drivers/STM32F1xx_HAL_Driver/Src/stm32f1xx_hal_rcc.o
 .text.HAL_RCCEx_PeriphCLKConfig
                0x000000000800553c      0x16c ./Drivers/STM32F1xx_HAL_Driver/Src/stm32f1xx_hal_rcc_ex.o
                0x000000000800553c                HAL_RCCEx_PeriphCLKConfig
 .text.HAL_SPI_Init
                0x00000000080056a8      0x108 ./Drivers/STM32F1xx_HAL_Driver/Src/stm32f1xx_hal_spi.o
                0x00000000080056a8                HAL_SPI_Init
 .text.HAL_SPI_TransmitReceive
                0x00000000080057b0      0x344 ./Drivers/STM32F1xx_HAL_Driver/Src/stm32f1xx_hal_spi.o
                0x00000000080057b0                HAL_SPI_TransmitReceive
 .text.SPI_WaitFlagStateUntilTimeout
                0x0000000008005af4      0x110 ./Drivers/STM32F1xx_HAL_Driver/Src/stm32f1xx_hal_spi.o
 .text.SPI_EndRxTxTransaction
                0x0000000008005c04       0x3c ./Drivers/STM32F1xx_HAL_Driver/Src/stm32f1xx_hal_spi.o
 .text.HAL_TIM_Base_Init
                0x0000000008005c40       0x9e ./Drivers/STM32F1xx_HAL_Driver/Src/stm32f1xx_hal_tim.o
                0x0000000008005c40                HAL_TIM_Base_Init
 *fill*         0x0000000008005cde        0x2 
 .text.HAL_TIM_Base_Start_IT
                0x0000000008005ce0       0xc0 ./Drivers/STM32F1xx_HAL_Driver/Src/stm32f1xx_hal_tim.o
                0x0000000008005ce0                HAL_TIM_Base_Start_IT
 .text.HAL_TIM_IRQHandler
                0x0000000008005da0      0x210 ./Drivers/STM32F1xx_HAL_Driver/Src/stm32f1xx_hal_tim.o
                0x0000000008005da0                HAL_TIM_IRQHandler
 .text.HAL_TIM_ConfigClockSource
                0x0000000008005fb0      0x188 ./Drivers/STM32F1xx_HAL_Driver/Src/stm32f1xx_hal_tim.o
                0x0000000008005fb0                HAL_TIM_ConfigClockSource
 .text.HAL_TIM_OC_DelayElapsedCallback
                0x0000000008006138       0x12 ./Drivers/STM32F1xx_HAL_Driver/Src/stm32f1xx_hal_tim.o
                0x0000000008006138                HAL_TIM_OC_DelayElapsedCallback
 .text.HAL_TIM_IC_CaptureCallback
                0x000000000800614a       0x12 ./Drivers/STM32F1xx_HAL_Driver/Src/stm32f1xx_hal_tim.o
                0x000000000800614a                HAL_TIM_IC_CaptureCallback
 .text.HAL_TIM_PWM_PulseFinishedCallback
                0x000000000800615c       0x12 ./Drivers/STM32F1xx_HAL_Driver/Src/stm32f1xx_hal_tim.o
                0x000000000800615c                HAL_TIM_PWM_PulseFinishedCallback
 .text.HAL_TIM_TriggerCallback
                0x000000000800616e       0x12 ./Drivers/STM32F1xx_HAL_Driver/Src/stm32f1xx_hal_tim.o
                0x000000000800616e                HAL_TIM_TriggerCallback
 .text.TIM_Base_SetConfig
                0x0000000008006180       0xf4 ./Drivers/STM32F1xx_HAL_Driver/Src/stm32f1xx_hal_tim.o
                0x0000000008006180                TIM_Base_SetConfig
 .text.TIM_TI1_ConfigInputStage
                0x0000000008006274       0x5c ./Drivers/STM32F1xx_HAL_Driver/Src/stm32f1xx_hal_tim.o
 .text.TIM_TI2_ConfigInputStage
                0x00000000080062d0       0x5e ./Drivers/STM32F1xx_HAL_Driver/Src/stm32f1xx_hal_tim.o
 .text.TIM_ITRx_SetConfig
                0x000000000800632e       0x34 ./Drivers/STM32F1xx_HAL_Driver/Src/stm32f1xx_hal_tim.o
 .text.TIM_ETR_SetConfig
                0x0000000008006362       0x3e ./Drivers/STM32F1xx_HAL_Driver/Src/stm32f1xx_hal_tim.o
                0x0000000008006362                TIM_ETR_SetConfig
 .text.HAL_TIMEx_MasterConfigSynchronization
                0x00000000080063a0       0xd8 ./Drivers/STM32F1xx_HAL_Driver/Src/stm32f1xx_hal_tim_ex.o
                0x00000000080063a0                HAL_TIMEx_MasterConfigSynchronization
 .text.HAL_TIMEx_CommutCallback
                0x0000000008006478       0x12 ./Drivers/STM32F1xx_HAL_Driver/Src/stm32f1xx_hal_tim_ex.o
                0x0000000008006478                HAL_TIMEx_CommutCallback
 .text.HAL_TIMEx_BreakCallback
                0x000000000800648a       0x12 ./Drivers/STM32F1xx_HAL_Driver/Src/stm32f1xx_hal_tim_ex.o
                0x000000000800648a                HAL_TIMEx_BreakCallback
 .text.calloc   0x000000000800649c       0x10 e:/st/stm32cubeide_1.7.0/stm32cubeide/plugins/com.st.stm32cube.ide.mcu.externaltools.gnu-tools-for-stm32.9-2020-q2-update.win32_2.0.0.202105311346/tools/bin/../lib/gcc/arm-none-eabi/9.3.1/../../../../arm-none-eabi/lib/thumb/v7-m/nofp\libc_nano.a(lib_a-calloc.o)
                0x000000000800649c                calloc
 .text.__errno  0x00000000080064ac        0xc e:/st/stm32cubeide_1.7.0/stm32cubeide/plugins/com.st.stm32cube.ide.mcu.externaltools.gnu-tools-for-stm32.9-2020-q2-update.win32_2.0.0.202105311346/tools/bin/../lib/gcc/arm-none-eabi/9.3.1/../../../../arm-none-eabi/lib/thumb/v7-m/nofp\libc_nano.a(lib_a-errno.o)
                0x00000000080064ac                __errno
 .text.__libc_init_array
                0x00000000080064b8       0x48 e:/st/stm32cubeide_1.7.0/stm32cubeide/plugins/com.st.stm32cube.ide.mcu.externaltools.gnu-tools-for-stm32.9-2020-q2-update.win32_2.0.0.202105311346/tools/bin/../lib/gcc/arm-none-eabi/9.3.1/../../../../arm-none-eabi/lib/thumb/v7-m/nofp\libc_nano.a(lib_a-init.o)
                0x00000000080064b8                __libc_init_array
 .text.memcpy   0x0000000008006500       0x1c e:/st/stm32cubeide_1.7.0/stm32cubeide/plugins/com.st.stm32cube.ide.mcu.externaltools.gnu-tools-for-stm32.9-2020-q2-update.win32_2.0.0.202105311346/tools/bin/../lib/gcc/arm-none-eabi/9.3.1/../../../../arm-none-eabi/lib/thumb/v7-m/nofp\libc_nano.a(lib_a-memcpy-stub.o)
                0x0000000008006500                memcpy
 .text.memset   0x000000000800651c       0x10 e:/st/stm32cubeide_1.7.0/stm32cubeide/plugins/com.st.stm32cube.ide.mcu.externaltools.gnu-tools-for-stm32.9-2020-q2-update.win32_2.0.0.202105311346/tools/bin/../lib/gcc/arm-none-eabi/9.3.1/../../../../arm-none-eabi/lib/thumb/v7-m/nofp\libc_nano.a(lib_a-memset.o)
                0x000000000800651c                memset
 .text._calloc_r
                0x000000000800652c       0x1c e:/st/stm32cubeide_1.7.0/stm32cubeide/plugins/com.st.stm32cube.ide.mcu.externaltools.gnu-tools-for-stm32.9-2020-q2-update.win32_2.0.0.202105311346/tools/bin/../lib/gcc/arm-none-eabi/9.3.1/../../../../arm-none-eabi/lib/thumb/v7-m/nofp\libc_nano.a(lib_a-nano-callocr.o)
                0x000000000800652c                _calloc_r
 .text._malloc_r
                0x0000000008006548       0xb4 e:/st/stm32cubeide_1.7.0/stm32cubeide/plugins/com.st.stm32cube.ide.mcu.externaltools.gnu-tools-for-stm32.9-2020-q2-update.win32_2.0.0.202105311346/tools/bin/../lib/gcc/arm-none-eabi/9.3.1/../../../../arm-none-eabi/lib/thumb/v7-m/nofp\libc_nano.a(lib_a-nano-mallocr.o)
                0x0000000008006548                _malloc_r
 .text._sbrk_r  0x00000000080065fc       0x20 e:/st/stm32cubeide_1.7.0/stm32cubeide/plugins/com.st.stm32cube.ide.mcu.externaltools.gnu-tools-for-stm32.9-2020-q2-update.win32_2.0.0.202105311346/tools/bin/../lib/gcc/arm-none-eabi/9.3.1/../../../../arm-none-eabi/lib/thumb/v7-m/nofp\libc_nano.a(lib_a-sbrkr.o)
                0x00000000080065fc                _sbrk_r
 .text.strncmp  0x000000000800661c       0x24 e:/st/stm32cubeide_1.7.0/stm32cubeide/plugins/com.st.stm32cube.ide.mcu.externaltools.gnu-tools-for-stm32.9-2020-q2-update.win32_2.0.0.202105311346/tools/bin/../lib/gcc/arm-none-eabi/9.3.1/../../../../arm-none-eabi/lib/thumb/v7-m/nofp\libc_nano.a(lib_a-strncmp.o)
                0x000000000800661c                strncmp
 .text._vsnprintf_r
                0x0000000008006640       0x58 e:/st/stm32cubeide_1.7.0/stm32cubeide/plugins/com.st.stm32cube.ide.mcu.externaltools.gnu-tools-for-stm32.9-2020-q2-update.win32_2.0.0.202105311346/tools/bin/../lib/gcc/arm-none-eabi/9.3.1/../../../../arm-none-eabi/lib/thumb/v7-m/nofp\libc_nano.a(lib_a-vsnprintf.o)
                0x0000000008006640                _vsniprintf_r
                0x0000000008006640                _vsnprintf_r
 .text.vsnprintf
                0x0000000008006698       0x1c e:/st/stm32cubeide_1.7.0/stm32cubeide/plugins/com.st.stm32cube.ide.mcu.externaltools.gnu-tools-for-stm32.9-2020-q2-update.win32_2.0.0.202105311346/tools/bin/../lib/gcc/arm-none-eabi/9.3.1/../../../../arm-none-eabi/lib/thumb/v7-m/nofp\libc_nano.a(lib_a-vsnprintf.o)
                0x0000000008006698                vsniprintf
                0x0000000008006698                vsnprintf
 .text.__malloc_lock
                0x00000000080066b4        0xc e:/st/stm32cubeide_1.7.0/stm32cubeide/plugins/com.st.stm32cube.ide.mcu.externaltools.gnu-tools-for-stm32.9-2020-q2-update.win32_2.0.0.202105311346/tools/bin/../lib/gcc/arm-none-eabi/9.3.1/../../../../arm-none-eabi/lib/thumb/v7-m/nofp\libc_nano.a(lib_a-mlock.o)
                0x00000000080066b4                __malloc_lock
 .text.__malloc_unlock
                0x00000000080066c0        0xc e:/st/stm32cubeide_1.7.0/stm32cubeide/plugins/com.st.stm32cube.ide.mcu.externaltools.gnu-tools-for-stm32.9-2020-q2-update.win32_2.0.0.202105311346/tools/bin/../lib/gcc/arm-none-eabi/9.3.1/../../../../arm-none-eabi/lib/thumb/v7-m/nofp\libc_nano.a(lib_a-mlock.o)
                0x00000000080066c0                __malloc_unlock
 .text.__ssputs_r
                0x00000000080066cc       0xb6 e:/st/stm32cubeide_1.7.0/stm32cubeide/plugins/com.st.stm32cube.ide.mcu.externaltools.gnu-tools-for-stm32.9-2020-q2-update.win32_2.0.0.202105311346/tools/bin/../lib/gcc/arm-none-eabi/9.3.1/../../../../arm-none-eabi/lib/thumb/v7-m/nofp\libc_nano.a(lib_a-nano-svfprintf.o)
                0x00000000080066cc                __ssputs_r
 *fill*         0x0000000008006782        0x2 
 .text._svfprintf_r
                0x0000000008006784      0x200 e:/st/stm32cubeide_1.7.0/stm32cubeide/plugins/com.st.stm32cube.ide.mcu.externaltools.gnu-tools-for-stm32.9-2020-q2-update.win32_2.0.0.202105311346/tools/bin/../lib/gcc/arm-none-eabi/9.3.1/../../../../arm-none-eabi/lib/thumb/v7-m/nofp\libc_nano.a(lib_a-nano-svfprintf.o)
                0x0000000008006784                _svfiprintf_r
                0x0000000008006784                _svfprintf_r
 .text._printf_common
                0x0000000008006984       0xde e:/st/stm32cubeide_1.7.0/stm32cubeide/plugins/com.st.stm32cube.ide.mcu.externaltools.gnu-tools-for-stm32.9-2020-q2-update.win32_2.0.0.202105311346/tools/bin/../lib/gcc/arm-none-eabi/9.3.1/../../../../arm-none-eabi/lib/thumb/v7-m/nofp\libc_nano.a(lib_a-nano-vfprintf_i.o)
                0x0000000008006984                _printf_common
 *fill*         0x0000000008006a62        0x2 
 .text._printf_i
                0x0000000008006a64      0x24c e:/st/stm32cubeide_1.7.0/stm32cubeide/plugins/com.st.stm32cube.ide.mcu.externaltools.gnu-tools-for-stm32.9-2020-q2-update.win32_2.0.0.202105311346/tools/bin/../lib/gcc/arm-none-eabi/9.3.1/../../../../arm-none-eabi/lib/thumb/v7-m/nofp\libc_nano.a(lib_a-nano-vfprintf_i.o)
                0x0000000008006a64                _printf_i
 .text.__retarget_lock_acquire_recursive
                0x0000000008006cb0        0x2 e:/st/stm32cubeide_1.7.0/stm32cubeide/plugins/com.st.stm32cube.ide.mcu.externaltools.gnu-tools-for-stm32.9-2020-q2-update.win32_2.0.0.202105311346/tools/bin/../lib/gcc/arm-none-eabi/9.3.1/../../../../arm-none-eabi/lib/thumb/v7-m/nofp\libc_nano.a(lib_a-lock.o)
                0x0000000008006cb0                __retarget_lock_acquire_recursive
 .text.__retarget_lock_release_recursive
                0x0000000008006cb2        0x2 e:/st/stm32cubeide_1.7.0/stm32cubeide/plugins/com.st.stm32cube.ide.mcu.externaltools.gnu-tools-for-stm32.9-2020-q2-update.win32_2.0.0.202105311346/tools/bin/../lib/gcc/arm-none-eabi/9.3.1/../../../../arm-none-eabi/lib/thumb/v7-m/nofp\libc_nano.a(lib_a-lock.o)
                0x0000000008006cb2                __retarget_lock_release_recursive
 .text.memchr   0x0000000008006cb4       0x1c e:/st/stm32cubeide_1.7.0/stm32cubeide/plugins/com.st.stm32cube.ide.mcu.externaltools.gnu-tools-for-stm32.9-2020-q2-update.win32_2.0.0.202105311346/tools/bin/../lib/gcc/arm-none-eabi/9.3.1/../../../../arm-none-eabi/lib/thumb/v7-m/nofp\libc_nano.a(lib_a-memchr-stub.o)
                0x0000000008006cb4                memchr
 .text.memmove  0x0000000008006cd0       0x34 e:/st/stm32cubeide_1.7.0/stm32cubeide/plugins/com.st.stm32cube.ide.mcu.externaltools.gnu-tools-for-stm32.9-2020-q2-update.win32_2.0.0.202105311346/tools/bin/../lib/gcc/arm-none-eabi/9.3.1/../../../../arm-none-eabi/lib/thumb/v7-m/nofp\libc_nano.a(lib_a-memmove.o)
                0x0000000008006cd0                memmove
 .text._free_r  0x0000000008006d04       0x98 e:/st/stm32cubeide_1.7.0/stm32cubeide/plugins/com.st.stm32cube.ide.mcu.externaltools.gnu-tools-for-stm32.9-2020-q2-update.win32_2.0.0.202105311346/tools/bin/../lib/gcc/arm-none-eabi/9.3.1/../../../../arm-none-eabi/lib/thumb/v7-m/nofp\libc_nano.a(lib_a-nano-freer.o)
                0x0000000008006d04                _free_r
 .text._realloc_r
                0x0000000008006d9c       0x4c e:/st/stm32cubeide_1.7.0/stm32cubeide/plugins/com.st.stm32cube.ide.mcu.externaltools.gnu-tools-for-stm32.9-2020-q2-update.win32_2.0.0.202105311346/tools/bin/../lib/gcc/arm-none-eabi/9.3.1/../../../../arm-none-eabi/lib/thumb/v7-m/nofp\libc_nano.a(lib_a-nano-reallocr.o)
                0x0000000008006d9c                _realloc_r
 .text._malloc_usable_size_r
                0x0000000008006de8       0x10 e:/st/stm32cubeide_1.7.0/stm32cubeide/plugins/com.st.stm32cube.ide.mcu.externaltools.gnu-tools-for-stm32.9-2020-q2-update.win32_2.0.0.202105311346/tools/bin/../lib/gcc/arm-none-eabi/9.3.1/../../../../arm-none-eabi/lib/thumb/v7-m/nofp\libc_nano.a(lib_a-nano-msizer.o)
                0x0000000008006de8                _malloc_usable_size_r
 .text.ceil     0x0000000008006df8      0x100 e:/st/stm32cubeide_1.7.0/stm32cubeide/plugins/com.st.stm32cube.ide.mcu.externaltools.gnu-tools-for-stm32.9-2020-q2-update.win32_2.0.0.202105311346/tools/bin/../lib/gcc/arm-none-eabi/9.3.1/../../../../arm-none-eabi/lib/thumb/v7-m/nofp\libm.a(lib_a-s_ceil.o)
                0x0000000008006df8                ceil
 .text.floor    0x0000000008006ef8      0x100 e:/st/stm32cubeide_1.7.0/stm32cubeide/plugins/com.st.stm32cube.ide.mcu.externaltools.gnu-tools-for-stm32.9-2020-q2-update.win32_2.0.0.202105311346/tools/bin/../lib/gcc/arm-none-eabi/9.3.1/../../../../arm-none-eabi/lib/thumb/v7-m/nofp\libm.a(lib_a-s_floor.o)
                0x0000000008006ef8                floor
 .text.rint     0x0000000008006ff8      0x114 e:/st/stm32cubeide_1.7.0/stm32cubeide/plugins/com.st.stm32cube.ide.mcu.externaltools.gnu-tools-for-stm32.9-2020-q2-update.win32_2.0.0.202105311346/tools/bin/../lib/gcc/arm-none-eabi/9.3.1/../../../../arm-none-eabi/lib/thumb/v7-m/nofp\libm.a(lib_a-s_rint.o)
                0x0000000008006ff8                rint
 *(.glue_7)
 .glue_7        0x000000000800710c        0x0 linker stubs
 *(.glue_7t)
 .glue_7t       0x000000000800710c        0x0 linker stubs
 *(.eh_frame)
 .eh_frame      0x000000000800710c        0x0 e:/st/stm32cubeide_1.7.0/stm32cubeide/plugins/com.st.stm32cube.ide.mcu.externaltools.gnu-tools-for-stm32.9-2020-q2-update.win32_2.0.0.202105311346/tools/bin/../lib/gcc/arm-none-eabi/9.3.1/thumb/v7-m/nofp/crtbegin.o
 *(.init)
 .init          0x000000000800710c        0x4 e:/st/stm32cubeide_1.7.0/stm32cubeide/plugins/com.st.stm32cube.ide.mcu.externaltools.gnu-tools-for-stm32.9-2020-q2-update.win32_2.0.0.202105311346/tools/bin/../lib/gcc/arm-none-eabi/9.3.1/thumb/v7-m/nofp/crti.o
                0x000000000800710c                _init
 .init          0x0000000008007110        0x8 e:/st/stm32cubeide_1.7.0/stm32cubeide/plugins/com.st.stm32cube.ide.mcu.externaltools.gnu-tools-for-stm32.9-2020-q2-update.win32_2.0.0.202105311346/tools/bin/../lib/gcc/arm-none-eabi/9.3.1/thumb/v7-m/nofp/crtn.o
 *(.fini)
 .fini          0x0000000008007118        0x4 e:/st/stm32cubeide_1.7.0/stm32cubeide/plugins/com.st.stm32cube.ide.mcu.externaltools.gnu-tools-for-stm32.9-2020-q2-update.win32_2.0.0.202105311346/tools/bin/../lib/gcc/arm-none-eabi/9.3.1/thumb/v7-m/nofp/crti.o
                0x0000000008007118                _fini
 .fini          0x000000000800711c        0x8 e:/st/stm32cubeide_1.7.0/stm32cubeide/plugins/com.st.stm32cube.ide.mcu.externaltools.gnu-tools-for-stm32.9-2020-q2-update.win32_2.0.0.202105311346/tools/bin/../lib/gcc/arm-none-eabi/9.3.1/thumb/v7-m/nofp/crtn.o
                0x0000000008007124                . = ALIGN (0x4)
                0x0000000008007124                _etext = .

.vfp11_veneer   0x0000000008007124        0x0
 .vfp11_veneer  0x0000000008007124        0x0 linker stubs

.v4_bx          0x0000000008007124        0x0
 .v4_bx         0x0000000008007124        0x0 linker stubs

.iplt           0x0000000008007124        0x0
 .iplt          0x0000000008007124        0x0 e:/st/stm32cubeide_1.7.0/stm32cubeide/plugins/com.st.stm32cube.ide.mcu.externaltools.gnu-tools-for-stm32.9-2020-q2-update.win32_2.0.0.202105311346/tools/bin/../lib/gcc/arm-none-eabi/9.3.1/thumb/v7-m/nofp/crtbegin.o

.rodata         0x0000000008007128      0x278
                0x0000000008007128                . = ALIGN (0x4)
 *(.rodata)
 .rodata        0x0000000008007128       0xa2 ./Core/App_Test/App_test.o
 *fill*         0x00000000080071ca        0x2 
 .rodata        0x00000000080071cc        0x8 ./Drivers/LoRa_Drivers/Devices/SX126X/src/radio.o
 .rodata        0x00000000080071d4       0x11 ./Drivers/LoRa_Drivers/Devices/SX126X/src/sx126x.o
 *fill*         0x00000000080071e5        0x3 
 .rodata        0x00000000080071e8       0x10 ./Drivers/STM32F1xx_HAL_Driver/Src/stm32f1xx_hal_rcc.o
 *(.rodata*)
 .rodata.AHBPrescTable
                0x00000000080071f8       0x10 ./Core/Src/system_stm32f1xx.o
                0x00000000080071f8                AHBPrescTable
 .rodata.Radio  0x0000000008007208       0x6c ./Drivers/LoRa_Drivers/Devices/SX126X/src/radio.o
                0x0000000008007208                Radio
 .rodata.FskBandwidths
                0x0000000008007274       0xb0 ./Drivers/LoRa_Drivers/Devices/SX126X/src/radio.o
                0x0000000008007274                FskBandwidths
 .rodata.Bandwidths
                0x0000000008007324        0x3 ./Drivers/LoRa_Drivers/Devices/SX126X/src/radio.o
                0x0000000008007324                Bandwidths
 *fill*         0x0000000008007327        0x1 
 .rodata.User_Uart_HwConfig
                0x0000000008007328       0x20 ./Drivers/Modules/UserUart/cfg/User_cfg.o
 .rodata.User_Uart_ConfigPtr
                0x0000000008007348        0x8 ./Drivers/Modules/UserUart/cfg/User_cfg.o
                0x0000000008007348                User_Uart_ConfigPtr
 .rodata.User_Ip_Usart_BaseAddress
                0x0000000008007350        0xc ./Drivers/Modules/UserUart/ip/usart/User_Ip_Usart.o
 .rodata._svfprintf_r.str1.1
                0x000000000800735c       0x11 e:/st/stm32cubeide_1.7.0/stm32cubeide/plugins/com.st.stm32cube.ide.mcu.externaltools.gnu-tools-for-stm32.9-2020-q2-update.win32_2.0.0.202105311346/tools/bin/../lib/gcc/arm-none-eabi/9.3.1/../../../../arm-none-eabi/lib/thumb/v7-m/nofp\libc_nano.a(lib_a-nano-svfprintf.o)
 .rodata._printf_i.str1.1
                0x000000000800736d       0x22 e:/st/stm32cubeide_1.7.0/stm32cubeide/plugins/com.st.stm32cube.ide.mcu.externaltools.gnu-tools-for-stm32.9-2020-q2-update.win32_2.0.0.202105311346/tools/bin/../lib/gcc/arm-none-eabi/9.3.1/../../../../arm-none-eabi/lib/thumb/v7-m/nofp\libc_nano.a(lib_a-nano-vfprintf_i.o)
 *fill*         0x000000000800738f        0x1 
 .rodata.TWO52  0x0000000008007390       0x10 e:/st/stm32cubeide_1.7.0/stm32cubeide/plugins/com.st.stm32cube.ide.mcu.externaltools.gnu-tools-for-stm32.9-2020-q2-update.win32_2.0.0.202105311346/tools/bin/../lib/gcc/arm-none-eabi/9.3.1/../../../../arm-none-eabi/lib/thumb/v7-m/nofp\libm.a(lib_a-s_rint.o)
                0x00000000080073a0                . = ALIGN (0x4)

.rel.dyn        0x00000000080073a0        0x0
 .rel.iplt      0x00000000080073a0        0x0 e:/st/stm32cubeide_1.7.0/stm32cubeide/plugins/com.st.stm32cube.ide.mcu.externaltools.gnu-tools-for-stm32.9-2020-q2-update.win32_2.0.0.202105311346/tools/bin/../lib/gcc/arm-none-eabi/9.3.1/thumb/v7-m/nofp/crtbegin.o

.ARM.extab      0x00000000080073a0        0x0
                0x00000000080073a0                . = ALIGN (0x4)
 *(.ARM.extab* .gnu.linkonce.armextab.*)
                0x00000000080073a0                . = ALIGN (0x4)

.ARM            0x00000000080073a0        0x0
                0x00000000080073a0                . = ALIGN (0x4)
                0x00000000080073a0                __exidx_start = .
 *(.ARM.exidx*)
                0x00000000080073a0                __exidx_end = .
                0x00000000080073a0                . = ALIGN (0x4)

.preinit_array  0x00000000080073a0        0x0
                0x00000000080073a0                . = ALIGN (0x4)
                0x00000000080073a0                PROVIDE (__preinit_array_start = .)
 *(.preinit_array*)
                0x00000000080073a0                PROVIDE (__preinit_array_end = .)
                0x00000000080073a0                . = ALIGN (0x4)

.init_array     0x00000000080073a0        0x4
                0x00000000080073a0                . = ALIGN (0x4)
                0x00000000080073a0                PROVIDE (__init_array_start = .)
 *(SORT_BY_NAME(.init_array.*))
 *(.init_array*)
 .init_array    0x00000000080073a0        0x4 e:/st/stm32cubeide_1.7.0/stm32cubeide/plugins/com.st.stm32cube.ide.mcu.externaltools.gnu-tools-for-stm32.9-2020-q2-update.win32_2.0.0.202105311346/tools/bin/../lib/gcc/arm-none-eabi/9.3.1/thumb/v7-m/nofp/crtbegin.o
                0x00000000080073a4                PROVIDE (__init_array_end = .)
                0x00000000080073a4                . = ALIGN (0x4)

.fini_array     0x00000000080073a4        0x4
                0x00000000080073a4                . = ALIGN (0x4)
                [!provide]                        PROVIDE (__fini_array_start = .)
 *(SORT_BY_NAME(.fini_array.*))
 *(.fini_array*)
 .fini_array    0x00000000080073a4        0x4 e:/st/stm32cubeide_1.7.0/stm32cubeide/plugins/com.st.stm32cube.ide.mcu.externaltools.gnu-tools-for-stm32.9-2020-q2-update.win32_2.0.0.202105311346/tools/bin/../lib/gcc/arm-none-eabi/9.3.1/thumb/v7-m/nofp/crtbegin.o
                [!provide]                        PROVIDE (__fini_array_end = .)
                0x00000000080073a8                . = ALIGN (0x4)
                0x00000000080073a8                _sidata = LOADADDR (.data)

.data           0x0000000020000000      0x118 load address 0x00000000080073a8
                0x0000000020000000                . = ALIGN (0x4)
                0x0000000020000000                _sdata = .
 *(.data)
 *(.data*)
 .data.SystemCoreClock
                0x0000000020000000        0x4 ./Core/Src/system_stm32f1xx.o
                0x0000000020000000                SystemCoreClock
 *fill*         0x0000000020000004        0x4 
 .data.RadioLoRaSymbTime
                0x0000000020000008       0x90 ./Drivers/LoRa_Drivers/Devices/SX126X/src/radio.o
 .data.MaxPayloadLength
                0x0000000020000098        0x1 ./Drivers/LoRa_Drivers/Devices/SX126X/src/radio.o
                0x0000000020000098                MaxPayloadLength
 .data.RxContinuous
                0x0000000020000099        0x1 ./Drivers/LoRa_Drivers/Devices/SX126X/src/radio.o
                0x0000000020000099                RxContinuous
 *fill*         0x000000002000009a        0x2 
 .data.RingBuffer_Ptr_Arr
                0x000000002000009c        0xc ./Drivers/Modules/UserUart/ip/usart/User_Ip_Usart.o
 .data.User_Ip_IRQn
                0x00000000200000a8        0x3 ./Drivers/Modules/UserUart/ip/usart/User_Ip_Usart.o
 *fill*         0x00000000200000ab        0x1 
 .data.uwTickPrio
                0x00000000200000ac        0x4 ./Drivers/STM32F1xx_HAL_Driver/Src/stm32f1xx_hal.o
                0x00000000200000ac                uwTickPrio
 .data.uwTickFreq
                0x00000000200000b0        0x1 ./Drivers/STM32F1xx_HAL_Driver/Src/stm32f1xx_hal.o
                0x00000000200000b0                uwTickFreq
 *fill*         0x00000000200000b1        0x3 
 .data._impure_ptr
                0x00000000200000b4        0x4 e:/st/stm32cubeide_1.7.0/stm32cubeide/plugins/com.st.stm32cube.ide.mcu.externaltools.gnu-tools-for-stm32.9-2020-q2-update.win32_2.0.0.202105311346/tools/bin/../lib/gcc/arm-none-eabi/9.3.1/../../../../arm-none-eabi/lib/thumb/v7-m/nofp\libc_nano.a(lib_a-impure.o)
                0x00000000200000b4                _impure_ptr
 .data.impure_data
                0x00000000200000b8       0x60 e:/st/stm32cubeide_1.7.0/stm32cubeide/plugins/com.st.stm32cube.ide.mcu.externaltools.gnu-tools-for-stm32.9-2020-q2-update.win32_2.0.0.202105311346/tools/bin/../lib/gcc/arm-none-eabi/9.3.1/../../../../arm-none-eabi/lib/thumb/v7-m/nofp\libc_nano.a(lib_a-impure.o)
 *(.RamFunc)
 *(.RamFunc*)
                0x0000000020000118                . = ALIGN (0x4)
                0x0000000020000118                _edata = .

.igot.plt       0x0000000020000118        0x0 load address 0x00000000080074c0
 .igot.plt      0x0000000020000118        0x0 e:/st/stm32cubeide_1.7.0/stm32cubeide/plugins/com.st.stm32cube.ide.mcu.externaltools.gnu-tools-for-stm32.9-2020-q2-update.win32_2.0.0.202105311346/tools/bin/../lib/gcc/arm-none-eabi/9.3.1/thumb/v7-m/nofp/crtbegin.o
                0x0000000020000118                . = ALIGN (0x4)

.bss            0x0000000020000118     0x1d54 load address 0x00000000080074c0
                0x0000000020000118                _sbss = .
                0x0000000020000118                __bss_start__ = _sbss
 *(.bss)
 .bss           0x0000000020000118       0x1c e:/st/stm32cubeide_1.7.0/stm32cubeide/plugins/com.st.stm32cube.ide.mcu.externaltools.gnu-tools-for-stm32.9-2020-q2-update.win32_2.0.0.202105311346/tools/bin/../lib/gcc/arm-none-eabi/9.3.1/thumb/v7-m/nofp/crtbegin.o
 *(.bss*)
 .bss.test_buzz
                0x0000000020000134        0x1 ./Core/App_Test/App_test.o
                0x0000000020000134                test_buzz
 *fill*         0x0000000020000135        0x3 
 .bss.__sbrk_heap_end
                0x0000000020000138        0x4 ./Core/Src/sysmem.o
 .bss.currentmode
                0x000000002000013c        0x1 ./Drivers/LoRa_Drivers/Aloha_Protocol/Layer1.o
 .bss.isMaster  0x000000002000013d        0x1 ./Drivers/LoRa_Drivers/Aloha_Protocol/Layer1.o
                0x000000002000013d                isMaster
 *fill*         0x000000002000013e        0x2 
 .bss.TxTimeout
                0x0000000020000140        0x4 ./Drivers/LoRa_Drivers/Devices/SX126X/src/radio.o
                0x0000000020000140                TxTimeout
 .bss.RxTimeout
                0x0000000020000144        0x4 ./Drivers/LoRa_Drivers/Devices/SX126X/src/radio.o
                0x0000000020000144                RxTimeout
 .bss.IrqFired  0x0000000020000148        0x1 ./Drivers/LoRa_Drivers/Devices/SX126X/src/radio.o
                0x0000000020000148                IrqFired
 *fill*         0x0000000020000149        0x3 
 .bss.RadioPublicNetwork
                0x000000002000014c        0x2 ./Drivers/LoRa_Drivers/Devices/SX126X/src/radio.o
 *fill*         0x000000002000014e        0x2 
 .bss.RadioEvents
                0x0000000020000150        0x4 ./Drivers/LoRa_Drivers/Devices/SX126X/src/radio.o
 .bss.OperatingMode
                0x0000000020000154        0x1 ./Drivers/LoRa_Drivers/Devices/SX126X/src/sx126x.o
 .bss.PacketType
                0x0000000020000155        0x1 ./Drivers/LoRa_Drivers/Devices/SX126X/src/sx126x.o
 *fill*         0x0000000020000156        0x2 
 .bss.FrequencyError
                0x0000000020000158        0x4 ./Drivers/LoRa_Drivers/Devices/SX126X/src/sx126x.o
                0x0000000020000158                FrequencyError
 .bss.ImageCalibrated
                0x000000002000015c        0x1 ./Drivers/LoRa_Drivers/Devices/SX126X/src/sx126x.o
 *fill*         0x000000002000015d        0x3 
 .bss.m_debug_buffer
                0x0000000020000160      0x100 ./Drivers/LoRa_Drivers/stm32/app_debug/app_debug.o
 .bss.ButtonCallBack
                0x0000000020000260       0x24 ./Drivers/Modules/Button/Button.o
 .bss.ConfigPtr
                0x0000000020000284        0x4 ./Drivers/Modules/UserUart/User_Uart.o
 .bss.__malloc_free_list
                0x0000000020000288        0x4 e:/st/stm32cubeide_1.7.0/stm32cubeide/plugins/com.st.stm32cube.ide.mcu.externaltools.gnu-tools-for-stm32.9-2020-q2-update.win32_2.0.0.202105311346/tools/bin/../lib/gcc/arm-none-eabi/9.3.1/../../../../arm-none-eabi/lib/thumb/v7-m/nofp\libc_nano.a(lib_a-nano-mallocr.o)
                0x0000000020000288                __malloc_free_list
 .bss.__malloc_sbrk_start
                0x000000002000028c        0x4 e:/st/stm32cubeide_1.7.0/stm32cubeide/plugins/com.st.stm32cube.ide.mcu.externaltools.gnu-tools-for-stm32.9-2020-q2-update.win32_2.0.0.202105311346/tools/bin/../lib/gcc/arm-none-eabi/9.3.1/../../../../arm-none-eabi/lib/thumb/v7-m/nofp\libc_nano.a(lib_a-nano-mallocr.o)
                0x000000002000028c                __malloc_sbrk_start
 *(COMMON)
 COMMON         0x0000000020000290      0x10b ./Core/App_Test/App_test.o
                0x0000000020000290                ack_enable
                0x0000000020000294                ACK_Check
                0x000000002000029c                DataBuffer
                0x0000000020000390                ACK_Send
                0x0000000020000398                slot
 *fill*         0x000000002000039b        0x1 
 COMMON         0x000000002000039c       0x30 ./Core/Src/adc.o
                0x000000002000039c                hadc1
 COMMON         0x00000000200003cc       0x58 ./Core/Src/spi.o
                0x00000000200003cc                hspi1
 COMMON         0x0000000020000424       0x90 ./Core/Src/tim.o
                0x0000000020000424                htim6
                0x000000002000046c                htim2
 COMMON         0x00000000200004b4       0x17 ./Drivers/LoRa_Drivers/Aloha_Protocol/Layer1.o
                0x00000000200004b4                resend
                0x00000000200004bc                mac
                0x00000000200004c8                mode
 *fill*         0x00000000200004cb        0x1 
 COMMON         0x00000000200004cc      0x150 ./Drivers/LoRa_Drivers/Devices/SX126X/src/radio.o
                0x00000000200004cc                SX126x
                0x0000000020000508                RadioRxPayload
                0x0000000020000608                RadioPktStatus
 COMMON         0x000000002000061c     0x183c ./Drivers/Modules/UserUart/ip/usart/User_Ip_Usart.o
                0x000000002000061c                RingBufferUsart3Channel
                0x0000000020000e30                RingBufferUsart1Channel
                0x0000000020001644                RingBufferUsart2Channel
 COMMON         0x0000000020001e58        0x4 ./Drivers/STM32F1xx_HAL_Driver/Src/stm32f1xx_hal.o
                0x0000000020001e58                uwTick
 COMMON         0x0000000020001e5c        0x4 e:/st/stm32cubeide_1.7.0/stm32cubeide/plugins/com.st.stm32cube.ide.mcu.externaltools.gnu-tools-for-stm32.9-2020-q2-update.win32_2.0.0.202105311346/tools/bin/../lib/gcc/arm-none-eabi/9.3.1/../../../../arm-none-eabi/lib/thumb/v7-m/nofp\libc_nano.a(lib_a-reent.o)
                0x0000000020001e5c                errno
 COMMON         0x0000000020001e60        0x9 e:/st/stm32cubeide_1.7.0/stm32cubeide/plugins/com.st.stm32cube.ide.mcu.externaltools.gnu-tools-for-stm32.9-2020-q2-update.win32_2.0.0.202105311346/tools/bin/../lib/gcc/arm-none-eabi/9.3.1/../../../../arm-none-eabi/lib/thumb/v7-m/nofp\libc_nano.a(lib_a-lock.o)
                0x0000000020001e60                __lock___atexit_recursive_mutex
                0x0000000020001e61                __lock___arc4random_mutex
                0x0000000020001e62                __lock___env_recursive_mutex
                0x0000000020001e63                __lock___sinit_recursive_mutex
                0x0000000020001e64                __lock___malloc_recursive_mutex
                0x0000000020001e65                __lock___at_quick_exit_mutex
                0x0000000020001e66                __lock___dd_hash_mutex
                0x0000000020001e67                __lock___tz_mutex
                0x0000000020001e68                __lock___sfp_recursive_mutex
                0x0000000020001e6c                . = ALIGN (0x4)
 *fill*         0x0000000020001e69        0x3 
                0x0000000020001e6c                _ebss = .
                0x0000000020001e6c                __bss_end__ = _ebss

._user_heap_stack
                0x0000000020001e6c      0x604 load address 0x00000000080074c0
                0x0000000020001e70                . = ALIGN (0x8)
 *fill*         0x0000000020001e6c        0x4 
                [!provide]                        PROVIDE (end = .)
                0x0000000020001e70                PROVIDE (_end = .)
                0x0000000020002070                . = (. + _Min_Heap_Size)
 *fill*         0x0000000020001e70      0x200 
                0x0000000020002470                . = (. + _Min_Stack_Size)
 *fill*         0x0000000020002070      0x400 
                0x0000000020002470                . = ALIGN (0x8)

/DISCARD/
 libc.a(*)
 libm.a(*)
 libgcc.a(*)

.ARM.attributes
                0x0000000000000000       0x29
 *(.ARM.attributes)
 .ARM.attributes
                0x0000000000000000       0x1d e:/st/stm32cubeide_1.7.0/stm32cubeide/plugins/com.st.stm32cube.ide.mcu.externaltools.gnu-tools-for-stm32.9-2020-q2-update.win32_2.0.0.202105311346/tools/bin/../lib/gcc/arm-none-eabi/9.3.1/thumb/v7-m/nofp/crti.o
 .ARM.attributes
                0x000000000000001d       0x2d e:/st/stm32cubeide_1.7.0/stm32cubeide/plugins/com.st.stm32cube.ide.mcu.externaltools.gnu-tools-for-stm32.9-2020-q2-update.win32_2.0.0.202105311346/tools/bin/../lib/gcc/arm-none-eabi/9.3.1/thumb/v7-m/nofp/crtbegin.o
 .ARM.attributes
                0x000000000000004a       0x2d ./Core/App_Test/App_test.o
 .ARM.attributes
                0x0000000000000077       0x2d ./Core/Src/adc.o
 .ARM.attributes
                0x00000000000000a4       0x2d ./Core/Src/gpio.o
 .ARM.attributes
                0x00000000000000d1       0x2d ./Core/Src/main.o
 .ARM.attributes
                0x00000000000000fe       0x2d ./Core/Src/spi.o
 .ARM.attributes
                0x000000000000012b       0x2d ./Core/Src/stm32f1xx_hal_msp.o
 .ARM.attributes
                0x0000000000000158       0x2d ./Core/Src/stm32f1xx_it.o
 .ARM.attributes
                0x0000000000000185       0x2d ./Core/Src/sysmem.o
 .ARM.attributes
                0x00000000000001b2       0x2d ./Core/Src/system_stm32f1xx.o
 .ARM.attributes
                0x00000000000001df       0x2d ./Core/Src/tim.o
 .ARM.attributes
                0x000000000000020c       0x21 ./Core/Startup/startup_stm32f103vetx.o
 .ARM.attributes
                0x000000000000022d       0x2d ./Drivers/LoRa_Drivers/Aloha_Protocol/Layer1.o
 .ARM.attributes
                0x000000000000025a       0x2d ./Drivers/LoRa_Drivers/Devices/SX126X/delay/my_delay.o
 .ARM.attributes
                0x0000000000000287       0x2d ./Drivers/LoRa_Drivers/Devices/SX126X/src/radio.o
 .ARM.attributes
                0x00000000000002b4       0x2d ./Drivers/LoRa_Drivers/Devices/SX126X/src/sx126x-board.o
 .ARM.attributes
                0x00000000000002e1       0x2d ./Drivers/LoRa_Drivers/Devices/SX126X/src/sx126x.o
 .ARM.attributes
                0x000000000000030e       0x2d ./Drivers/LoRa_Drivers/stm32/app_debug/app_debug.o
 .ARM.attributes
                0x000000000000033b       0x2d ./Drivers/Modules/Button/Button.o
 .ARM.attributes
                0x0000000000000368       0x2d ./Drivers/Modules/UserUart/User_Uart.o
 .ARM.attributes
                0x0000000000000395       0x2d ./Drivers/Modules/UserUart/User_Uart_Ipw.o
 .ARM.attributes
                0x00000000000003c2       0x33 ./Drivers/Modules/UserUart/cfg/User_cfg.o
 .ARM.attributes
                0x00000000000003f5       0x2d ./Drivers/Modules/UserUart/ip/usart/User_Ip_Usart.o
 .ARM.attributes
                0x0000000000000422       0x2d ./Drivers/STM32F1xx_HAL_Driver/Src/stm32f1xx_hal.o
 .ARM.attributes
                0x000000000000044f       0x2d ./Drivers/STM32F1xx_HAL_Driver/Src/stm32f1xx_hal_adc.o
 .ARM.attributes
                0x000000000000047c       0x2d ./Drivers/STM32F1xx_HAL_Driver/Src/stm32f1xx_hal_adc_ex.o
 .ARM.attributes
                0x00000000000004a9       0x2d ./Drivers/STM32F1xx_HAL_Driver/Src/stm32f1xx_hal_cortex.o
 .ARM.attributes
                0x00000000000004d6       0x2d ./Drivers/STM32F1xx_HAL_Driver/Src/stm32f1xx_hal_gpio.o
 .ARM.attributes
                0x0000000000000503       0x2d ./Drivers/STM32F1xx_HAL_Driver/Src/stm32f1xx_hal_rcc.o
 .ARM.attributes
                0x0000000000000530       0x2d ./Drivers/STM32F1xx_HAL_Driver/Src/stm32f1xx_hal_rcc_ex.o
 .ARM.attributes
                0x000000000000055d       0x2d ./Drivers/STM32F1xx_HAL_Driver/Src/stm32f1xx_hal_spi.o
 .ARM.attributes
                0x000000000000058a       0x2d ./Drivers/STM32F1xx_HAL_Driver/Src/stm32f1xx_hal_tim.o
 .ARM.attributes
                0x00000000000005b7       0x2d ./Drivers/STM32F1xx_HAL_Driver/Src/stm32f1xx_hal_tim_ex.o
 .ARM.attributes
                0x00000000000005e4       0x2d e:/st/stm32cubeide_1.7.0/stm32cubeide/plugins/com.st.stm32cube.ide.mcu.externaltools.gnu-tools-for-stm32.9-2020-q2-update.win32_2.0.0.202105311346/tools/bin/../lib/gcc/arm-none-eabi/9.3.1/../../../../arm-none-eabi/lib/thumb/v7-m/nofp\libc_nano.a(lib_a-calloc.o)
 .ARM.attributes
                0x0000000000000611       0x2d e:/st/stm32cubeide_1.7.0/stm32cubeide/plugins/com.st.stm32cube.ide.mcu.externaltools.gnu-tools-for-stm32.9-2020-q2-update.win32_2.0.0.202105311346/tools/bin/../lib/gcc/arm-none-eabi/9.3.1/../../../../arm-none-eabi/lib/thumb/v7-m/nofp\libc_nano.a(lib_a-errno.o)
 .ARM.attributes
                0x000000000000063e       0x2d e:/st/stm32cubeide_1.7.0/stm32cubeide/plugins/com.st.stm32cube.ide.mcu.externaltools.gnu-tools-for-stm32.9-2020-q2-update.win32_2.0.0.202105311346/tools/bin/../lib/gcc/arm-none-eabi/9.3.1/../../../../arm-none-eabi/lib/thumb/v7-m/nofp\libc_nano.a(lib_a-impure.o)
 .ARM.attributes
                0x000000000000066b       0x2d e:/st/stm32cubeide_1.7.0/stm32cubeide/plugins/com.st.stm32cube.ide.mcu.externaltools.gnu-tools-for-stm32.9-2020-q2-update.win32_2.0.0.202105311346/tools/bin/../lib/gcc/arm-none-eabi/9.3.1/../../../../arm-none-eabi/lib/thumb/v7-m/nofp\libc_nano.a(lib_a-init.o)
 .ARM.attributes
                0x0000000000000698       0x2d e:/st/stm32cubeide_1.7.0/stm32cubeide/plugins/com.st.stm32cube.ide.mcu.externaltools.gnu-tools-for-stm32.9-2020-q2-update.win32_2.0.0.202105311346/tools/bin/../lib/gcc/arm-none-eabi/9.3.1/../../../../arm-none-eabi/lib/thumb/v7-m/nofp\libc_nano.a(lib_a-memcpy-stub.o)
 .ARM.attributes
                0x00000000000006c5       0x2d e:/st/stm32cubeide_1.7.0/stm32cubeide/plugins/com.st.stm32cube.ide.mcu.externaltools.gnu-tools-for-stm32.9-2020-q2-update.win32_2.0.0.202105311346/tools/bin/../lib/gcc/arm-none-eabi/9.3.1/../../../../arm-none-eabi/lib/thumb/v7-m/nofp\libc_nano.a(lib_a-memset.o)
 .ARM.attributes
                0x00000000000006f2       0x2d e:/st/stm32cubeide_1.7.0/stm32cubeide/plugins/com.st.stm32cube.ide.mcu.externaltools.gnu-tools-for-stm32.9-2020-q2-update.win32_2.0.0.202105311346/tools/bin/../lib/gcc/arm-none-eabi/9.3.1/../../../../arm-none-eabi/lib/thumb/v7-m/nofp\libc_nano.a(lib_a-nano-callocr.o)
 .ARM.attributes
                0x000000000000071f       0x2d e:/st/stm32cubeide_1.7.0/stm32cubeide/plugins/com.st.stm32cube.ide.mcu.externaltools.gnu-tools-for-stm32.9-2020-q2-update.win32_2.0.0.202105311346/tools/bin/../lib/gcc/arm-none-eabi/9.3.1/../../../../arm-none-eabi/lib/thumb/v7-m/nofp\libc_nano.a(lib_a-nano-mallocr.o)
 .ARM.attributes
                0x000000000000074c       0x2d e:/st/stm32cubeide_1.7.0/stm32cubeide/plugins/com.st.stm32cube.ide.mcu.externaltools.gnu-tools-for-stm32.9-2020-q2-update.win32_2.0.0.202105311346/tools/bin/../lib/gcc/arm-none-eabi/9.3.1/../../../../arm-none-eabi/lib/thumb/v7-m/nofp\libc_nano.a(lib_a-sbrkr.o)
 .ARM.attributes
                0x0000000000000779       0x2d e:/st/stm32cubeide_1.7.0/stm32cubeide/plugins/com.st.stm32cube.ide.mcu.externaltools.gnu-tools-for-stm32.9-2020-q2-update.win32_2.0.0.202105311346/tools/bin/../lib/gcc/arm-none-eabi/9.3.1/../../../../arm-none-eabi/lib/thumb/v7-m/nofp\libc_nano.a(lib_a-strncmp.o)
 .ARM.attributes
                0x00000000000007a6       0x2d e:/st/stm32cubeide_1.7.0/stm32cubeide/plugins/com.st.stm32cube.ide.mcu.externaltools.gnu-tools-for-stm32.9-2020-q2-update.win32_2.0.0.202105311346/tools/bin/../lib/gcc/arm-none-eabi/9.3.1/../../../../arm-none-eabi/lib/thumb/v7-m/nofp\libc_nano.a(lib_a-vsnprintf.o)
 .ARM.attributes
                0x00000000000007d3       0x2d e:/st/stm32cubeide_1.7.0/stm32cubeide/plugins/com.st.stm32cube.ide.mcu.externaltools.gnu-tools-for-stm32.9-2020-q2-update.win32_2.0.0.202105311346/tools/bin/../lib/gcc/arm-none-eabi/9.3.1/../../../../arm-none-eabi/lib/thumb/v7-m/nofp\libc_nano.a(lib_a-mlock.o)
 .ARM.attributes
                0x0000000000000800       0x2d e:/st/stm32cubeide_1.7.0/stm32cubeide/plugins/com.st.stm32cube.ide.mcu.externaltools.gnu-tools-for-stm32.9-2020-q2-update.win32_2.0.0.202105311346/tools/bin/../lib/gcc/arm-none-eabi/9.3.1/../../../../arm-none-eabi/lib/thumb/v7-m/nofp\libc_nano.a(lib_a-nano-svfprintf.o)
 .ARM.attributes
                0x000000000000082d       0x2d e:/st/stm32cubeide_1.7.0/stm32cubeide/plugins/com.st.stm32cube.ide.mcu.externaltools.gnu-tools-for-stm32.9-2020-q2-update.win32_2.0.0.202105311346/tools/bin/../lib/gcc/arm-none-eabi/9.3.1/../../../../arm-none-eabi/lib/thumb/v7-m/nofp\libc_nano.a(lib_a-nano-vfprintf_i.o)
 .ARM.attributes
                0x000000000000085a       0x2d e:/st/stm32cubeide_1.7.0/stm32cubeide/plugins/com.st.stm32cube.ide.mcu.externaltools.gnu-tools-for-stm32.9-2020-q2-update.win32_2.0.0.202105311346/tools/bin/../lib/gcc/arm-none-eabi/9.3.1/../../../../arm-none-eabi/lib/thumb/v7-m/nofp\libc_nano.a(lib_a-reent.o)
 .ARM.attributes
                0x0000000000000887       0x2d e:/st/stm32cubeide_1.7.0/stm32cubeide/plugins/com.st.stm32cube.ide.mcu.externaltools.gnu-tools-for-stm32.9-2020-q2-update.win32_2.0.0.202105311346/tools/bin/../lib/gcc/arm-none-eabi/9.3.1/../../../../arm-none-eabi/lib/thumb/v7-m/nofp\libc_nano.a(lib_a-lock.o)
 .ARM.attributes
                0x00000000000008b4       0x2d e:/st/stm32cubeide_1.7.0/stm32cubeide/plugins/com.st.stm32cube.ide.mcu.externaltools.gnu-tools-for-stm32.9-2020-q2-update.win32_2.0.0.202105311346/tools/bin/../lib/gcc/arm-none-eabi/9.3.1/../../../../arm-none-eabi/lib/thumb/v7-m/nofp\libc_nano.a(lib_a-memchr-stub.o)
 .ARM.attributes
                0x00000000000008e1       0x2d e:/st/stm32cubeide_1.7.0/stm32cubeide/plugins/com.st.stm32cube.ide.mcu.externaltools.gnu-tools-for-stm32.9-2020-q2-update.win32_2.0.0.202105311346/tools/bin/../lib/gcc/arm-none-eabi/9.3.1/../../../../arm-none-eabi/lib/thumb/v7-m/nofp\libc_nano.a(lib_a-memmove.o)
 .ARM.attributes
                0x000000000000090e       0x2d e:/st/stm32cubeide_1.7.0/stm32cubeide/plugins/com.st.stm32cube.ide.mcu.externaltools.gnu-tools-for-stm32.9-2020-q2-update.win32_2.0.0.202105311346/tools/bin/../lib/gcc/arm-none-eabi/9.3.1/../../../../arm-none-eabi/lib/thumb/v7-m/nofp\libc_nano.a(lib_a-nano-freer.o)
 .ARM.attributes
                0x000000000000093b       0x2d e:/st/stm32cubeide_1.7.0/stm32cubeide/plugins/com.st.stm32cube.ide.mcu.externaltools.gnu-tools-for-stm32.9-2020-q2-update.win32_2.0.0.202105311346/tools/bin/../lib/gcc/arm-none-eabi/9.3.1/../../../../arm-none-eabi/lib/thumb/v7-m/nofp\libc_nano.a(lib_a-nano-reallocr.o)
 .ARM.attributes
                0x0000000000000968       0x2d e:/st/stm32cubeide_1.7.0/stm32cubeide/plugins/com.st.stm32cube.ide.mcu.externaltools.gnu-tools-for-stm32.9-2020-q2-update.win32_2.0.0.202105311346/tools/bin/../lib/gcc/arm-none-eabi/9.3.1/../../../../arm-none-eabi/lib/thumb/v7-m/nofp\libc_nano.a(lib_a-nano-msizer.o)
 .ARM.attributes
                0x0000000000000995       0x2d e:/st/stm32cubeide_1.7.0/stm32cubeide/plugins/com.st.stm32cube.ide.mcu.externaltools.gnu-tools-for-stm32.9-2020-q2-update.win32_2.0.0.202105311346/tools/bin/../lib/gcc/arm-none-eabi/9.3.1/../../../../arm-none-eabi/lib/thumb/v7-m/nofp\libm.a(lib_a-s_ceil.o)
 .ARM.attributes
                0x00000000000009c2       0x2d e:/st/stm32cubeide_1.7.0/stm32cubeide/plugins/com.st.stm32cube.ide.mcu.externaltools.gnu-tools-for-stm32.9-2020-q2-update.win32_2.0.0.202105311346/tools/bin/../lib/gcc/arm-none-eabi/9.3.1/../../../../arm-none-eabi/lib/thumb/v7-m/nofp\libm.a(lib_a-s_floor.o)
 .ARM.attributes
                0x00000000000009ef       0x2d e:/st/stm32cubeide_1.7.0/stm32cubeide/plugins/com.st.stm32cube.ide.mcu.externaltools.gnu-tools-for-stm32.9-2020-q2-update.win32_2.0.0.202105311346/tools/bin/../lib/gcc/arm-none-eabi/9.3.1/../../../../arm-none-eabi/lib/thumb/v7-m/nofp\libm.a(lib_a-s_rint.o)
 .ARM.attributes
                0x0000000000000a1c       0x1d e:/st/stm32cubeide_1.7.0/stm32cubeide/plugins/com.st.stm32cube.ide.mcu.externaltools.gnu-tools-for-stm32.9-2020-q2-update.win32_2.0.0.202105311346/tools/bin/../lib/gcc/arm-none-eabi/9.3.1/thumb/v7-m/nofp\libgcc.a(_arm_addsubdf3.o)
 .ARM.attributes
                0x0000000000000a39       0x1d e:/st/stm32cubeide_1.7.0/stm32cubeide/plugins/com.st.stm32cube.ide.mcu.externaltools.gnu-tools-for-stm32.9-2020-q2-update.win32_2.0.0.202105311346/tools/bin/../lib/gcc/arm-none-eabi/9.3.1/thumb/v7-m/nofp\libgcc.a(_arm_muldivdf3.o)
 .ARM.attributes
                0x0000000000000a56       0x1d e:/st/stm32cubeide_1.7.0/stm32cubeide/plugins/com.st.stm32cube.ide.mcu.externaltools.gnu-tools-for-stm32.9-2020-q2-update.win32_2.0.0.202105311346/tools/bin/../lib/gcc/arm-none-eabi/9.3.1/thumb/v7-m/nofp\libgcc.a(_arm_cmpdf2.o)
 .ARM.attributes
                0x0000000000000a73       0x1d e:/st/stm32cubeide_1.7.0/stm32cubeide/plugins/com.st.stm32cube.ide.mcu.externaltools.gnu-tools-for-stm32.9-2020-q2-update.win32_2.0.0.202105311346/tools/bin/../lib/gcc/arm-none-eabi/9.3.1/thumb/v7-m/nofp\libgcc.a(_arm_fixunsdfsi.o)
 .ARM.attributes
                0x0000000000000a90       0x1d e:/st/stm32cubeide_1.7.0/stm32cubeide/plugins/com.st.stm32cube.ide.mcu.externaltools.gnu-tools-for-stm32.9-2020-q2-update.win32_2.0.0.202105311346/tools/bin/../lib/gcc/arm-none-eabi/9.3.1/thumb/v7-m/nofp/crtn.o
OUTPUT(GraduateV1.6.elf elf32-littlearm)
LOAD linker stubs
LOAD e:/st/stm32cubeide_1.7.0/stm32cubeide/plugins/com.st.stm32cube.ide.mcu.externaltools.gnu-tools-for-stm32.9-2020-q2-update.win32_2.0.0.202105311346/tools/bin/../lib/gcc/arm-none-eabi/9.3.1/../../../../arm-none-eabi/lib/thumb/v7-m/nofp\libc.a
LOAD e:/st/stm32cubeide_1.7.0/stm32cubeide/plugins/com.st.stm32cube.ide.mcu.externaltools.gnu-tools-for-stm32.9-2020-q2-update.win32_2.0.0.202105311346/tools/bin/../lib/gcc/arm-none-eabi/9.3.1/../../../../arm-none-eabi/lib/thumb/v7-m/nofp\libm.a
LOAD e:/st/stm32cubeide_1.7.0/stm32cubeide/plugins/com.st.stm32cube.ide.mcu.externaltools.gnu-tools-for-stm32.9-2020-q2-update.win32_2.0.0.202105311346/tools/bin/../lib/gcc/arm-none-eabi/9.3.1/thumb/v7-m/nofp\libgcc.a

.debug_info     0x0000000000000000    0x1b24e
 .debug_info    0x0000000000000000     0x1fa2 ./Core/App_Test/App_test.o
 .debug_info    0x0000000000001fa2      0xa31 ./Core/Src/adc.o
 .debug_info    0x00000000000029d3      0x38f ./Core/Src/gpio.o
 .debug_info    0x0000000000002d62     0x1e50 ./Core/Src/main.o
 .debug_info    0x0000000000004bb2      0x8a7 ./Core/Src/spi.o
 .debug_info    0x0000000000005459      0x2fc ./Core/Src/stm32f1xx_hal_msp.o