radio.c:484:16:RadioGetFskBandwidthRegValue	24	static
radio.c:504:6:RadioInit	16	static
radio.c:523:14:RadioGetStatus	8	static
radio.c:538:6:RadioSetModem	16	static
radio.c:561:6:RadioSetChannel	16	static
radio.c:566:6:RadioIsChannelFree	32	static
radio.c:598:10:RadioRandom	16	static
radio.c:624:6:RadioSetRxConfig	40	static
radio.c:736:6:RadioSetTxConfig	32	static
radio.c:829:6:RadioCheckRfFrequency	16	static
radio.c:834:10:RadioTimeOnAir	80	static
radio.c:874:6:RadioSend	16	static
radio.c:894:6:RadioSleep	16	static
radio.c:904:6:RadioStandby	8	static
radio.c:909:6:RadioRx	16	static
radio.c:927:6:RadioRxBoosted	16	static
radio.c:945:6:RadioSetRxDutyCycle	16	static
radio.c:950:6:RadioStartCad	8	static
radio.c:955:6:RadioTx	16	static
radio.c:960:6:RadioSetTxContinuousWave	16	static
radio.c:970:9:RadioRssi	16	static
radio.c:975:6:RadioWrite	16	static
radio.c:980:9:RadioRead	16	static
radio.c:985:6:RadioWriteBuffer	16	static
radio.c:990:6:RadioReadBuffer	16	static
radio.c:995:6:RadioWriteFifo	16	static
radio.c:1000:6:RadioReadFifo	16	static
radio.c:1005:6:RadioSetMaxPayloadLength	16	static
radio.c:1022:6:RadioSetPublicNetwork	16	static
radio.c:1041:10:RadioGetWakeupTime	4	static
radio.c:1046:6:RadioOnTxTimeoutIrq	8	static
radio.c:1054:6:RadioOnRxTimeoutIrq	8	static
radio.c:1062:6:RadioOnDioIrq	4	static
radio.c:1067:6:RadioIrqProcess	24	static
