App_test.c:100:6:OnCaDDetectted	16	static
App_test.c:113:6:OnTxDone	8	static
App_test.c:119:6:OnRxDone	48	static
App_test.c:142:6:OnRxTimeout	8	static
App_test.c:147:6:OnRxError	4	static
App_test.c:152:6:Send_Check	8	static
App_test.c:161:6:App_TestMain	112	static
App_test.c:217:6:LoRa_IRQHandle	8	static
App_test.c:222:6:Session_Response	8	static
App_test.c:236:6:Session_Default	8	static
App_test.c:250:6:HAL_TIM_PeriodElapsedCallback	16	static
App_test.c:266:6:HAL_ADC_ConvCpltCallback	24	static
