User_Ip_Usart.c:34:23:User_Ip_Usart_SetBaurate	40	static
User_Ip_Usart.c:53:13:User_Ip_Usart_Set_ParityMode	16	static
User_Ip_Usart.c:66:13:User_Ip_Usart_Set_StopBit	16	static
User_Ip_Usart.c:73:13:User_Ip_Usart_DeInit	24	static
User_Ip_Usart.c:102:6:User_Ip_Usart_Init	32	static
User_Ip_Usart.c:125:20:User_Ip_Usart_StartAsyncTransmit	16	static
User_Ip_Usart.c:129:20:User_Ip_Usart_StoptAsyncTransmit	16	static
User_Ip_Usart.c:138:30:User_Ip_Usart_GetBuffer	24	static
User_Ip_Usart.c:160:16:User_Ip_Usart_WriteBuffer	32	static
User_Ip_Usart.c:202:20:User_Ip_Usart_PutChar	16	static
User_Ip_Usart.c:207:20:User_Ip_Usart_TransmitBuffer	24	static
User_Ip_Usart.c:228:23:User_Ip_Usart_GetChar	16	static
User_Ip_Usart.c:233:16:User_Ip_Usart_ReadBuffer	32	static
User_Ip_Usart.c:278:13:User_Ip_Usart_ReceiveBuffer	24	static
User_Ip_Usart.c:332:6:User_Ip_Usart_IrqHandler	24	static
User_Ip_Usart.c:368:6:USART1_IRQHandler	8	static
User_Ip_Usart.c:372:6:USART2_IRQHandler	8	static
User_Ip_Usart.c:376:6:USART3_IRQHandler	8	static
